Component: ARM Compiler 5.06 update 1 (build 61) Tool: armlink [4d35a8]

==============================================================================

Section Cross References

    startup_stm32f103xb.o(STACK) refers (Special) to heapauxi.o(.text) for __use_two_region_memory
    startup_stm32f103xb.o(HEAP) refers (Special) to heapauxi.o(.text) for __use_two_region_memory
    startup_stm32f103xb.o(RESET) refers (Special) to heapauxi.o(.text) for __use_two_region_memory
    startup_stm32f103xb.o(RESET) refers to startup_stm32f103xb.o(STACK) for __initial_sp
    startup_stm32f103xb.o(RESET) refers to startup_stm32f103xb.o(.text) for Reset_Handler
    startup_stm32f103xb.o(RESET) refers to stm32f1xx_it.o(i.NMI_Handler) for NMI_Handler
    startup_stm32f103xb.o(RESET) refers to stm32f1xx_it.o(i.HardFault_Handler) for HardFault_Handler
    startup_stm32f103xb.o(RESET) refers to stm32f1xx_it.o(i.MemManage_Handler) for MemManage_Handler
    startup_stm32f103xb.o(RESET) refers to stm32f1xx_it.o(i.BusFault_Handler) for BusFault_Handler
    startup_stm32f103xb.o(RESET) refers to stm32f1xx_it.o(i.UsageFault_Handler) for UsageFault_Handler
    startup_stm32f103xb.o(RESET) refers to stm32f1xx_it.o(i.SVC_Handler) for SVC_Handler
    startup_stm32f103xb.o(RESET) refers to stm32f1xx_it.o(i.DebugMon_Handler) for DebugMon_Handler
    startup_stm32f103xb.o(RESET) refers to stm32f1xx_it.o(i.PendSV_Handler) for PendSV_Handler
    startup_stm32f103xb.o(RESET) refers to stm32f1xx_it.o(i.SysTick_Handler) for SysTick_Handler
    startup_stm32f103xb.o(RESET) refers to stm32f1xx_it.o(i.DMA1_Channel1_IRQHandler) for DMA1_Channel1_IRQHandler
    startup_stm32f103xb.o(RESET) refers to stm32f1xx_it.o(i.USART1_IRQHandler) for USART1_IRQHandler
    startup_stm32f103xb.o(.text) refers (Special) to heapauxi.o(.text) for __use_two_region_memory
    startup_stm32f103xb.o(.text) refers to system_stm32f1xx.o(i.SystemInit) for SystemInit
    startup_stm32f103xb.o(.text) refers to __main.o(!!!main) for __main
    startup_stm32f103xb.o(.text) refers to startup_stm32f103xb.o(HEAP) for Heap_Mem
    startup_stm32f103xb.o(.text) refers to startup_stm32f103xb.o(STACK) for Stack_Mem
    clcd_i2c.o(i.CLCD_I2C_BlinkOff) refers to clcd_i2c.o(i.CLCD_WriteI2C) for CLCD_WriteI2C
    clcd_i2c.o(i.CLCD_I2C_BlinkOn) refers to clcd_i2c.o(i.CLCD_WriteI2C) for CLCD_WriteI2C
    clcd_i2c.o(i.CLCD_I2C_Clear) refers to clcd_i2c.o(i.CLCD_WriteI2C) for CLCD_WriteI2C
    clcd_i2c.o(i.CLCD_I2C_Clear) refers to stm32f1xx_hal.o(i.HAL_Delay) for HAL_Delay
    clcd_i2c.o(i.CLCD_I2C_CursorOff) refers to clcd_i2c.o(i.CLCD_WriteI2C) for CLCD_WriteI2C
    clcd_i2c.o(i.CLCD_I2C_CursorOn) refers to clcd_i2c.o(i.CLCD_WriteI2C) for CLCD_WriteI2C
    clcd_i2c.o(i.CLCD_I2C_Init) refers to stm32f1xx_hal.o(i.HAL_Delay) for HAL_Delay
    clcd_i2c.o(i.CLCD_I2C_Init) refers to clcd_i2c.o(i.CLCD_WriteI2C) for CLCD_WriteI2C
    clcd_i2c.o(i.CLCD_I2C_ReturnHome) refers to clcd_i2c.o(i.CLCD_WriteI2C) for CLCD_WriteI2C
    clcd_i2c.o(i.CLCD_I2C_ReturnHome) refers to stm32f1xx_hal.o(i.HAL_Delay) for HAL_Delay
    clcd_i2c.o(i.CLCD_I2C_SetCursor) refers to clcd_i2c.o(i.CLCD_WriteI2C) for CLCD_WriteI2C
    clcd_i2c.o(i.CLCD_I2C_WriteChar) refers to clcd_i2c.o(i.CLCD_WriteI2C) for CLCD_WriteI2C
    clcd_i2c.o(i.CLCD_I2C_WriteString) refers to clcd_i2c.o(i.CLCD_I2C_WriteChar) for CLCD_I2C_WriteChar
    clcd_i2c.o(i.CLCD_WriteI2C) refers to stm32f1xx_hal.o(i.HAL_Delay) for HAL_Delay
    clcd_i2c.o(i.CLCD_WriteI2C) refers to stm32f1xx_hal_i2c.o(i.HAL_I2C_Master_Transmit) for HAL_I2C_Master_Transmit
    dht.o(i.DHT_Check_Response) refers to dht.o(i.delay) for delay
    dht.o(i.DHT_Check_Response) refers to stm32f1xx_hal_gpio.o(i.HAL_GPIO_ReadPin) for HAL_GPIO_ReadPin
    dht.o(i.DHT_GetData) refers to dht.o(i.DHT_Start) for DHT_Start
    dht.o(i.DHT_GetData) refers to dht.o(i.DHT_Check_Response) for DHT_Check_Response
    dht.o(i.DHT_GetData) refers to dht.o(i.DHT_Read) for DHT_Read
    dht.o(i.DHT_GetData) refers to fflt_clz.o(x$fpl$ffltu) for __aeabi_ui2f
    dht.o(i.DHT_GetData) refers to dht.o(.data) for .data
    dht.o(i.DHT_Read) refers to stm32f1xx_hal_gpio.o(i.HAL_GPIO_ReadPin) for HAL_GPIO_ReadPin
    dht.o(i.DHT_Read) refers to dht.o(i.delay) for delay
    dht.o(i.DHT_Start) refers to dht.o(i.DWT_Delay_Init) for DWT_Delay_Init
    dht.o(i.DHT_Start) refers to dht.o(i.Set_Pin_Output) for Set_Pin_Output
    dht.o(i.DHT_Start) refers to stm32f1xx_hal_gpio.o(i.HAL_GPIO_WritePin) for HAL_GPIO_WritePin
    dht.o(i.DHT_Start) refers to dht.o(i.delay) for delay
    dht.o(i.DHT_Start) refers to dht.o(i.Set_Pin_Input) for Set_Pin_Input
    dht.o(i.Set_Pin_Input) refers to stm32f1xx_hal_gpio.o(i.HAL_GPIO_Init) for HAL_GPIO_Init
    dht.o(i.Set_Pin_Output) refers to stm32f1xx_hal_gpio.o(i.HAL_GPIO_Init) for HAL_GPIO_Init
    dht.o(i.delay) refers to stm32f1xx_hal_rcc.o(i.HAL_RCC_GetHCLKFreq) for HAL_RCC_GetHCLKFreq
    main.o(i.MX_ADC1_Init) refers to stm32f1xx_hal_adc.o(i.HAL_ADC_Init) for HAL_ADC_Init
[...]
    ../clib/signal.c                         0x00000000   Number         0  defsig_fpe_inner.o ABSOLUTE
    ../clib/signal.c                         0x00000000   Number         0  defsig_abrt_inner.o ABSOLUTE
    ../clib/signal.c                         0x00000000   Number         0  defsig_rtmem_formal.o ABSOLUTE
    ../clib/signal.c                         0x00000000   Number         0  defsig_cppl_inner.o ABSOLUTE
    ../clib/signal.c                         0x00000000   Number         0  defsig_general.o ABSOLUTE
    ../clib/signal.c                         0x00000000   Number         0  defsig_rtmem_outer.o ABSOLUTE
    ../clib/signal.c                         0x00000000   Number         0  defsig_pvfn_inner.o ABSOLUTE
    ../clib/signal.s                         0x00000000   Number         0  defsig.o ABSOLUTE
    ../clib/stdlib.c                         0x00000000   Number         0  exit.o ABSOLUTE
    ../fplib/d2f.s                           0x00000000   Number         0  d2f.o ABSOLUTE
    ../fplib/daddsub.s                       0x00000000   Number         0  daddsub_clz.o ABSOLUTE
    ../fplib/dcheck1.s                       0x00000000   Number         0  dcheck1.o ABSOLUTE
    ../fplib/ddiv.s                          0x00000000   Number         0  ddiv.o ABSOLUTE
    ../fplib/dfixu.s                         0x00000000   Number         0  dfixu.o ABSOLUTE
    ../fplib/dflt.s                          0x00000000   Number         0  dflt_clz.o ABSOLUTE
    ../fplib/dmul.s                          0x00000000   Number         0  dmul.o ABSOLUTE
    ../fplib/dnaninf.s                       0x00000000   Number         0  dnaninf.o ABSOLUTE
    ../fplib/dretinf.s                       0x00000000   Number         0  dretinf.o ABSOLUTE
    ../fplib/f2d.s                           0x00000000   Number         0  f2d.o ABSOLUTE
    ../fplib/faddsub.s                       0x00000000   Number         0  faddsub_clz.o ABSOLUTE
    ../fplib/fcheck1.s                       0x00000000   Number         0  fcheck1.o ABSOLUTE
    ../fplib/ffixu.s                         0x00000000   Number         0  ffixu.o ABSOLUTE
    ../fplib/fflt.s                          0x00000000   Number         0  fflt_clz.o ABSOLUTE
    ../fplib/fmul.s                          0x00000000   Number         0  fmul.o ABSOLUTE
    ../fplib/fnaninf.s                       0x00000000   Number         0  fnaninf.o ABSOLUTE
    ../fplib/fpinit.s                        0x00000000   Number         0  fpinit.o ABSOLUTE
    ../fplib/fretinf.s                       0x00000000   Number         0  fretinf.o ABSOLUTE
    ../fplib/retnan.s                        0x00000000   Number         0  retnan.o ABSOLUTE
    ../fplib/scalbn.s                        0x00000000   Number         0  scalbn.o ABSOLUTE
    ../fplib/scalbnf.s                       0x00000000   Number         0  scalbnf.o ABSOLUTE
    ../fplib/trapv.s                         0x00000000   Number         0  trapv.o ABSOLUTE
    ../fplib/usenofp.s                       0x00000000   Number         0  usenofp.o ABSOLUTE
    ..\Core\Src\CLCD_I2C.c                   0x00000000   Number         0  clcd_i2c.o ABSOLUTE
    ..\Core\Src\DHT.c                        0x00000000   Number         0  dht.o ABSOLUTE
    ..\Core\Src\main.c                       0x00000000   Number         0  main.o ABSOLUTE
    ..\Core\Src\stm32f1xx_hal_msp.c          0x00000000   Number         0  stm32f1xx_hal_msp.o ABSOLUTE
    ..\Core\Src\stm32f1xx_it.c               0x00000000   Number         0  stm32f1xx_it.o ABSOLUTE
    ..\Core\Src\system_stm32f1xx.c           0x00000000   Number         0  system_stm32f1xx.o ABSOLUTE
    ..\Drivers\STM32F1xx_HAL_Driver\Src\stm32f1xx_hal.c 0x00000000   Number         0  stm32f1xx_hal.o ABSOLUTE
    ..\Drivers\STM32F1xx_HAL_Driver\Src\stm32f1xx_hal_adc.c 0x00000000   Number         0  stm32f1xx_hal_adc.o ABSOLUTE
    ..\Drivers\STM32F1xx_HAL_Driver\Src\stm32f1xx_hal_adc_ex.c 0x00000000   Number         0  stm32f1xx_hal_adc_ex.o ABSOLUTE
    ..\Drivers\STM32F1xx_HAL_Driver\Src\stm32f1xx_hal_cortex.c 0x00000000   Number         0  stm32f1xx_hal_cortex.o ABSOLUTE
    ..\Drivers\STM32F1xx_HAL_Driver\Src\stm32f1xx_hal_dma.c 0x00000000   Number         0  stm32f1xx_hal_dma.o ABSOLUTE
    ..\Drivers\STM32F1xx_HAL_Driver\Src\stm32f1xx_hal_exti.c 0x00000000   Number         0  stm32f1xx_hal_exti.o ABSOLUTE
    ..\Drivers\STM32F1xx_HAL_Driver\Src\stm32f1xx_hal_flash.c 0x00000000   Number         0  stm32f1xx_hal_flash.o ABSOLUTE
    ..\Drivers\STM32F1xx_HAL_Driver\Src\stm32f1xx_hal_flash_ex.c 0x00000000   Number         0  stm32f1xx_hal_flash_ex.o ABSOLUTE
    ..\Drivers\STM32F1xx_HAL_Driver\Src\stm32f1xx_hal_gpio.c 0x00000000   Number         0  stm32f1xx_hal_gpio.o ABSOLUTE
    ..\Drivers\STM32F1xx_HAL_Driver\Src\stm32f1xx_hal_gpio_ex.c 0x00000000   Number         0  stm32f1xx_hal_gpio_ex.o ABSOLUTE
    ..\Drivers\STM32F1xx_HAL_Driver\Src\stm32f1xx_hal_i2c.c 0x00000000   Number         0  stm32f1xx_hal_i2c.o ABSOLUTE
    ..\Drivers\STM32F1xx_HAL_Driver\Src\stm32f1xx_hal_pwr.c 0x00000000   Number         0  stm32f1xx_hal_pwr.o ABSOLUTE
    ..\Drivers\STM32F1xx_HAL_Driver\Src\stm32f1xx_hal_rcc.c 0x00000000   Number         0  stm32f1xx_hal_rcc.o ABSOLUTE
    ..\Drivers\STM32F1xx_HAL_Driver\Src\stm32f1xx_hal_rcc_ex.c 0x00000000   Number         0  stm32f1xx_hal_rcc_ex.o ABSOLUTE
    ..\Drivers\STM32F1xx_HAL_Driver\Src\stm32f1xx_hal_tim.c 0x00000000   Number         0  stm32f1xx_hal_tim.o ABSOLUTE
    ..\Drivers\STM32F1xx_HAL_Driver\Src\stm32f1xx_hal_tim_ex.c 0x00000000   Number         0  stm32f1xx_hal_tim_ex.o ABSOLUTE
    ..\Drivers\STM32F1xx_HAL_Driver\Src\stm32f1xx_hal_uart.c 0x00000000   Number         0  stm32f1xx_hal_uart.o ABSOLUTE
    ..\\Core\\Src\\CLCD_I2C.c                0x00000000   Number         0  clcd_i2c.o ABSOLUTE
    ..\\Core\\Src\\DHT.c                     0x00000000   Number         0  dht.o ABSOLUTE
    dc.s                                     0x00000000   Number         0  dc.o ABSOLUTE
    startup_stm32f103xb.s                    0x00000000   Number         0  startup_stm32f103xb.o ABSOLUTE
    RESET                                    0x08000000   Section      236  startup_stm32f103xb.o(RESET)
    !!!main                                  0x080000ec   Section        8  __main.o(!!!main)
    !!!scatter                               0x080000f4   Section       52  __scatter.o(!!!scatter)
    !!handler_copy                           0x08000128   Section       26  __scatter_copy.o(!!handler_copy)
    !!handler_zi                             0x08000144   Section       28  __scatter_zi.o(!!handler_zi)
    .ARM.Collect$$_printf_percent$$00000000  0x08000160   Section        0  _printf_percent.o(.ARM.Collect$$_printf_percent$$00000000)
    .ARM.Collect$$_printf_percent$$00000009  0x08000160   Section        6  _printf_d.o(.ARM.Collect$$_printf_percent$$00000009)
    .ARM.Collect$$_printf_percent$$00000017  0x08000166   Section        4  _printf_percent_end.o(.ARM.Collect$$_printf_percent$$00000017)
    .ARM.Collect$$libinit$$00000000          0x0800016a   Section        2  libinit.o(.ARM.Collect$$libinit$$00000000)
    .ARM.Collect$$libinit$$00000002          0x0800016c   Section        0  libinit2.o(.ARM.Collect$$libinit$$00000002)
    .ARM.Collect$$libinit$$00000004          0x0800016c   Section        0  libinit2.o(.ARM.Collect$$libinit$$00000004)
    .ARM.Collect$$libinit$$0000000A          0x0800016c   Section        0  libinit2.o(.ARM.Collect$$libinit$$0000000A)
    .ARM.Collect$$libinit$$0000000C          0x0800016c   Section        0  libinit2.o(.ARM.Collect$$libinit$$0000000C)
    .ARM.Collect$$libinit$$0000000E          0x0800016c   Section        0  libinit2.o(.ARM.Collect$$libinit$$0000000E)
    .ARM.Collect$$libinit$$00000011          0x0800016c   Section        0  libinit2.o(.ARM.Collect$$libinit$$00000011)
    .ARM.Collect$$libinit$$00000013          0x0800016c   Section        0  libinit2.o(.ARM.Collect$$libinit$$00000013)
    .ARM.Collect$$libinit$$00000015          0x0800016c   Section        0  libinit2.o(.ARM.Collect$$libinit$$00000015)
    .ARM.Collect$$libinit$$00000017          0x0800016c   Section        0  libinit2.o(.ARM.Collect$$libinit$$00000017)
    .ARM.Collect$$libinit$$00000019          0x0800016c   Section        0  libinit2.o(.ARM.Collect$$libinit$$00000019)
    .ARM.Collect$$libinit$$0000001B          0x0800016c   Section        0  libinit2.o(.ARM.Collect$$libinit$$0000001B)
    .ARM.Collect$$libinit$$0000001D          0x0800016c   Section        0  libinit2.o(.ARM.Collect$$libinit$$0000001D)
    .ARM.Collect$$libinit$$0000001F          0x0800016c   Section        0  libinit2.o(.ARM.Collect$$libinit$$0000001F)
    .ARM.Collect$$libinit$$00000021          0x0800016c   Section        0  libinit2.o(.ARM.Collect$$libinit$$00000021)
    .ARM.Collect$$libinit$$00000023          0x0800016c   Section        0  libinit2.o(.ARM.Collect$$libinit$$00000023)
    .ARM.Collect$$libinit$$00000025          0x0800016c   Section        0  libinit2.o(.ARM.Collect$$libinit$$00000025)
    .ARM.Collect$$libinit$$0000002C          0x0800016c   Section        0  libinit2.o(.ARM.Collect$$libinit$$0000002C)
    .ARM.Collect$$libinit$$0000002E          0x0800016c   Section        0  libinit2.o(.ARM.Collect$$libinit$$0000002E)
    .ARM.Collect$$libinit$$00000030          0x0800016c   Section        0  libinit2.o(.ARM.Collect$$libinit$$00000030)
    .ARM.Collect$$libinit$$00000032          0x0800016c   Section        0  libinit2.o(.ARM.Collect$$libinit$$00000032)
    .ARM.Collect$$libinit$$00000033          0x0800016c   Section        2  libinit2.o(.ARM.Collect$$libinit$$00000033)
    .ARM.Collect$$libshutdown$$00000000      0x0800016e   Section        2  libshutdown.o(.ARM.Collect$$libshutdown$$00000000)
    .ARM.Collect$$libshutdown$$00000002      0x08000170   Section        0  libshutdown2.o(.ARM.Collect$$libshutdown$$00000002)
    .ARM.Collect$$libshutdown$$00000004      0x08000170   Section        0  libshutdown2.o(.ARM.Collect$$libshutdown$$00000004)
    .ARM.Collect$$libshutdown$$00000007      0x08000170   Section        0  libshutdown2.o(.ARM.Collect$$libshutdown$$00000007)
    .ARM.Collect$$libshutdown$$0000000A      0x08000170   Section        0  libshutdown2.o(.ARM.Collect$$libshutdown$$0000000A)
    .ARM.Collect$$libshutdown$$0000000C      0x08000170   Section        0  libshutdown2.o(.ARM.Collect$$libshutdown$$0000000C)
    .ARM.Collect$$libshutdown$$0000000F      0x08000170   Section        0  libshutdown2.o(.ARM.Collect$$libshutdown$$0000000F)
    .ARM.Collect$$libshutdown$$00000010      0x08000170   Section        2  libshutdown2.o(.ARM.Collect$$libshutdown$$00000010)
    .ARM.Collect$$rtentry$$00000000          0x08000172   Section        0  __rtentry.o(.ARM.Collect$$rtentry$$00000000)
    .ARM.Collect$$rtentry$$00000002          0x08000172   Section        0  __rtentry2.o(.ARM.Collect$$rtentry$$00000002)
    .ARM.Collect$$rtentry$$00000004          0x08000172   Section        6  __rtentry4.o(.ARM.Collect$$rtentry$$00000004)
    .ARM.Collect$$rtentry$$00000009          0x08000178   Section        0  __rtentry2.o(.ARM.Collect$$rtentry$$00000009)
    .ARM.Collect$$rtentry$$0000000A          0x08000178   Section        4  __rtentry2.o(.ARM.Collect$$rtentry$$0000000A)
    .ARM.Collect$$rtentry$$0000000C          0x0800017c   Section        0  __rtentry2.o(.ARM.Collect$$rtentry$$0000000C)
    .ARM.Collect$$rtentry$$0000000D          0x0800017c   Section        8  __rtentry2.o(.ARM.Collect$$rtentry$$0000000D)
    .ARM.Collect$$rtexit$$00000000           0x08000184   Section        2  rtexit.o(.ARM.Collect$$rtexit$$00000000)
    .ARM.Collect$$rtexit$$00000002           0x08000186   Section        0  rtexit2.o(.ARM.Collect$$rtexit$$00000002)
    .ARM.Collect$$rtexit$$00000003           0x08000186   Section        4  rtexit2.o(.ARM.Collect$$rtexit$$00000003)
    .ARM.Collect$$rtexit$$00000004           0x0800018a   Section        6  rtexit2.o(.ARM.Collect$$rtexit$$00000004)
    .text                                    0x08000190   Section       64  startup_stm32f103xb.o(.text)
    .text                                    0x080001d0   Section        0  __2sprintf.o(.text)
    .text                                    0x080001fc   Section        0  __printf.o(.text)
    .text                                    0x08000264   Section        0  _printf_dec.o(.text)
    .text                                    0x080002dc   Section       78  rt_memclr_w.o(.text)
    .text                                    0x0800032a   Section        0  heapauxi.o(.text)
    .text                                    0x08000330   Section        0  _printf_intcommon.o(.text)
    .text                                    0x080003e4   Section        0  _printf_char_common.o(.text)
    _printf_input_char                       0x080003e5   Thumb Code    10  _printf_char_common.o(.text)
    .text                                    0x08000414   Section        0  _sputc.o(.text)
    .text                                    0x0800041e   Section       74  sys_stackheap_outer.o(.text)
    .text                                    0x08000468   Section        0  exit.o(.text)
    .text                                    0x0800047c   Section        8  libspace.o(.text)
    .text                                    0x08000484   Section        0  sys_exit.o(.text)
    .text                                    0x08000490   Section        2  use_no_semi.o(.text)
    .text                                    0x08000492   Section        0  indicate_semi.o(.text)
    i.ADC_ConversionStop_Disable             0x08000494   Section        0  stm32f1xx_hal_adc.o(i.ADC_ConversionStop_Disable)
    i.ADC_DMAConvCplt                        0x080004ea   Section        0  stm32f1xx_hal_adc.o(i.ADC_DMAConvCplt)
    i.ADC_DMAError                           0x08000538   Section        0  stm32f1xx_hal_adc.o(i.ADC_DMAError)
    i.ADC_DMAHalfConvCplt                    0x08000552   Section        0  stm32f1xx_hal_adc.o(i.ADC_DMAHalfConvCplt)
    i.ADC_Enable                             0x0800055c   Section        0  stm32f1xx_hal_adc.o(i.ADC_Enable)
    i.BusFault_Handler                       0x080005d8   Section        0  stm32f1xx_it.o(i.BusFault_Handler)
    i.CLCD_I2C_Clear                         0x080005da   Section        0  clcd_i2c.o(i.CLCD_I2C_Clear)
    i.CLCD_I2C_Init                          0x080005ee   Section        0  clcd_i2c.o(i.CLCD_I2C_Init)
    i.CLCD_I2C_SetCursor                     0x08000690   Section        0  clcd_i2c.o(i.CLCD_I2C_SetCursor)
    i.CLCD_I2C_WriteChar                     0x080006d4   Section        0  clcd_i2c.o(i.CLCD_I2C_WriteChar)
    i.CLCD_I2C_WriteString                   0x080006da   Section        0  clcd_i2c.o(i.CLCD_I2C_WriteString)
    i.CLCD_WriteI2C                          0x080006f2   Section        0  clcd_i2c.o(i.CLCD_WriteI2C)
    CLCD_WriteI2C                            0x080006f3   Thumb Code   106  clcd_i2c.o(i.CLCD_WriteI2C)
    i.DHT_Check_Response                     0x0800075c   Section        0  dht.o(i.DHT_Check_Response)
    i.DHT_GetData                            0x0800079c   Section        0  dht.o(i.DHT_GetData)
    i.DHT_Read                               0x080007f4   Section        0  dht.o(i.DHT_Read)
    i.DHT_Start                              0x08000850   Section        0  dht.o(i.DHT_Start)
    i.DMA1_Channel1_IRQHandler               0x08000894   Section        0  stm32f1xx_it.o(i.DMA1_Channel1_IRQHandler)
    i.DMA_SetConfig                          0x080008a0   Section        0  stm32f1xx_hal_dma.o(i.DMA_SetConfig)
    DMA_SetConfig                            0x080008a1   Thumb Code    42  stm32f1xx_hal_dma.o(i.DMA_SetConfig)
    i.DWT_Delay_Init                         0x080008cc   Section        0  dht.o(i.DWT_Delay_Init)
    i.DebugMon_Handler                       0x08000910   Section        0  stm32f1xx_it.o(i.DebugMon_Handler)
    i.Error_Handler                          0x08000912   Section        0  main.o(i.Error_Handler)
    i.HAL_ADC_ConfigChannel                  0x08000918   Section        0  stm32f1xx_hal_adc.o(i.HAL_ADC_ConfigChannel)
    i.HAL_ADC_ConvCpltCallback               0x08000a14   Section        0  stm32f1xx_hal_adc.o(i.HAL_ADC_ConvCpltCallback)
    i.HAL_ADC_ConvHalfCpltCallback           0x08000a16   Section        0  stm32f1xx_hal_adc.o(i.HAL_ADC_ConvHalfCpltCallback)
    i.HAL_ADC_ErrorCallback                  0x08000a18   Section        0  stm32f1xx_hal_adc.o(i.HAL_ADC_ErrorCallback)
    i.HAL_ADC_Init                           0x08000a1c   Section        0  stm32f1xx_hal_adc.o(i.HAL_ADC_Init)
    i.HAL_ADC_MspInit                        0x08000b38   Section        0  stm32f1xx_hal_msp.o(i.HAL_ADC_MspInit)
    i.HAL_ADC_Start_DMA                      0x08000bc8   Section        0  stm32f1xx_hal_adc.o(i.HAL_ADC_Start_DMA)
    i.HAL_DMA_Abort                          0x08000cd4   Section        0  stm32f1xx_hal_dma.o(i.HAL_DMA_Abort)
    i.HAL_DMA_Abort_IT                       0x08000d1c   Section        0  stm32f1xx_hal_dma.o(i.HAL_DMA_Abort_IT)
    i.HAL_DMA_IRQHandler                     0x08000db4   Section        0  stm32f1xx_hal_dma.o(i.HAL_DMA_IRQHandler)
    i.HAL_DMA_Init                           0x08000f08   Section        0  stm32f1xx_hal_dma.o(i.HAL_DMA_Init)
    i.HAL_DMA_Start_IT                       0x08000f64   Section        0  stm32f1xx_hal_dma.o(i.HAL_DMA_Start_IT)
    i.HAL_Delay                              0x08000fd4   Section        0  stm32f1xx_hal.o(i.HAL_Delay)
    i.HAL_GPIO_Init                          0x08000ff8   Section        0  stm32f1xx_hal_gpio.o(i.HAL_GPIO_Init)
    i.HAL_GPIO_ReadPin                       0x080011d8   Section        0  stm32f1xx_hal_gpio.o(i.HAL_GPIO_ReadPin)
    i.HAL_GPIO_WritePin                      0x080011e2   Section        0  stm32f1xx_hal_gpio.o(i.HAL_GPIO_WritePin)
    i.HAL_GetTick                            0x080011ec   Section        0  stm32f1xx_hal.o(i.HAL_GetTick)
    i.HAL_I2C_Init                           0x080011f8   Section        0  stm32f1xx_hal_i2c.o(i.HAL_I2C_Init)
    i.HAL_I2C_Master_Transmit                0x08001380   Section        0  stm32f1xx_hal_i2c.o(i.HAL_I2C_Master_Transmit)
    i.HAL_I2C_MspInit                        0x080014ac   Section        0  stm32f1xx_hal_msp.o(i.HAL_I2C_MspInit)
    i.HAL_IncTick                            0x08001508   Section        0  stm32f1xx_hal.o(i.HAL_IncTick)
    i.HAL_Init                               0x08001518   Section        0  stm32f1xx_hal.o(i.HAL_Init)
    i.HAL_InitTick                           0x0800153c   Section        0  stm32f1xx_hal.o(i.HAL_InitTick)
    i.HAL_MspInit                            0x0800157c   Section        0  stm32f1xx_hal_msp.o(i.HAL_MspInit)
    i.HAL_NVIC_EnableIRQ                     0x080015b8   Section        0  stm32f1xx_hal_cortex.o(i.HAL_NVIC_EnableIRQ)
    i.HAL_NVIC_SetPriority                   0x080015d4   Section        0  stm32f1xx_hal_cortex.o(i.HAL_NVIC_SetPriority)
    i.HAL_NVIC_SetPriorityGrouping           0x08001614   Section        0  stm32f1xx_hal_cortex.o(i.HAL_NVIC_SetPriorityGrouping)
    i.HAL_RCCEx_PeriphCLKConfig              0x08001638   Section        0  stm32f1xx_hal_rcc_ex.o(i.HAL_RCCEx_PeriphCLKConfig)
    i.HAL_RCC_ClockConfig                    0x08001724   Section        0  stm32f1xx_hal_rcc.o(i.HAL_RCC_ClockConfig)
    i.HAL_RCC_GetHCLKFreq                    0x08001850   Section        0  stm32f1xx_hal_rcc.o(i.HAL_RCC_GetHCLKFreq)
    i.HAL_RCC_GetPCLK1Freq                   0x0800185c   Section        0  stm32f1xx_hal_rcc.o(i.HAL_RCC_GetPCLK1Freq)
    i.HAL_RCC_GetPCLK2Freq                   0x0800187c   Section        0  stm32f1xx_hal_rcc.o(i.HAL_RCC_GetPCLK2Freq)
    i.HAL_RCC_GetSysClockFreq                0x0800189c   Section        0  stm32f1xx_hal_rcc.o(i.HAL_RCC_GetSysClockFreq)
    i.HAL_RCC_OscConfig                      0x080018e8   Section        0  stm32f1xx_hal_rcc.o(i.HAL_RCC_OscConfig)
    i.HAL_SYSTICK_Config                     0x08001c08   Section        0  stm32f1xx_hal_cortex.o(i.HAL_SYSTICK_Config)
    i.HAL_UARTEx_RxEventCallback             0x08001c30   Section        0  stm32f1xx_hal_uart.o(i.HAL_UARTEx_RxEventCallback)
    i.HAL_UART_ErrorCallback                 0x08001c32   Section        0  stm32f1xx_hal_uart.o(i.HAL_UART_ErrorCallback)
    i.HAL_UART_IRQHandler                    0x08001c34   Section        0  stm32f1xx_hal_uart.o(i.HAL_UART_IRQHandler)
    i.HAL_UART_Init                          0x08001ea0   Section        0  stm32f1xx_hal_uart.o(i.HAL_UART_Init)
    i.HAL_UART_MspInit                       0x08001f04   Section        0  stm32f1xx_hal_msp.o(i.HAL_UART_MspInit)
    i.HAL_UART_Receive                       0x08001f84   Section        0  stm32f1xx_hal_uart.o(i.HAL_UART_Receive)
    i.HAL_UART_RxCpltCallback                0x08002030   Section        0  stm32f1xx_hal_uart.o(i.HAL_UART_RxCpltCallback)
    i.HAL_UART_Transmit                      0x08002032   Section        0  stm32f1xx_hal_uart.o(i.HAL_UART_Transmit)
    i.HAL_UART_TxCpltCallback                0x080020cc   Section        0  stm32f1xx_hal_uart.o(i.HAL_UART_TxCpltCallback)
    i.HardFault_Handler                      0x080020ce   Section        0  stm32f1xx_it.o(i.HardFault_Handler)
    i.I2C_IsAcknowledgeFailed                0x080020d0   Section        0  stm32f1xx_hal_i2c.o(i.I2C_IsAcknowledgeFailed)
    I2C_IsAcknowledgeFailed                  0x080020d1   Thumb Code    46  stm32f1xx_hal_i2c.o(i.I2C_IsAcknowledgeFailed)
    i.I2C_MasterRequestWrite                 0x08002100   Section        0  stm32f1xx_hal_i2c.o(i.I2C_MasterRequestWrite)
    I2C_MasterRequestWrite                   0x08002101   Thumb Code   150  stm32f1xx_hal_i2c.o(i.I2C_MasterRequestWrite)
    i.I2C_WaitOnBTFFlagUntilTimeout          0x0800219c   Section        0  stm32f1xx_hal_i2c.o(i.I2C_WaitOnBTFFlagUntilTimeout)
    I2C_WaitOnBTFFlagUntilTimeout            0x0800219d   Thumb Code    86  stm32f1xx_hal_i2c.o(i.I2C_WaitOnBTFFlagUntilTimeout)
    i.I2C_WaitOnFlagUntilTimeout             0x080021f4   Section        0  stm32f1xx_hal_i2c.o(i.I2C_WaitOnFlagUntilTimeout)
    I2C_WaitOnFlagUntilTimeout               0x080021f5   Thumb Code   144  stm32f1xx_hal_i2c.o(i.I2C_WaitOnFlagUntilTimeout)
    i.I2C_WaitOnMasterAddressFlagUntilTimeout 0x08002284   Section        0  stm32f1xx_hal_i2c.o(i.I2C_WaitOnMasterAddressFlagUntilTimeout)
    I2C_WaitOnMasterAddressFlagUntilTimeout  0x08002285   Thumb Code   188  stm32f1xx_hal_i2c.o(i.I2C_WaitOnMasterAddressFlagUntilTimeout)
    i.I2C_WaitOnTXEFlagUntilTimeout          0x08002340   Section        0  stm32f1xx_hal_i2c.o(i.I2C_WaitOnTXEFlagUntilTimeout)
    I2C_WaitOnTXEFlagUntilTimeout            0x08002341   Thumb Code    86  stm32f1xx_hal_i2c.o(i.I2C_WaitOnTXEFlagUntilTimeout)
    i.MX_ADC1_Init                           0x08002398   Section        0  main.o(i.MX_ADC1_Init)
    MX_ADC1_Init                             0x08002399   Thumb Code   154  main.o(i.MX_ADC1_Init)
    i.MX_GPIO_Init                           0x0800243c   Section        0  main.o(i.MX_GPIO_Init)
    MX_GPIO_Init                             0x0800243d   Thumb Code   230  main.o(i.MX_GPIO_Init)
    i.MemManage_Handler                      0x08002534   Section        0  stm32f1xx_it.o(i.MemManage_Handler)
    i.NMI_Handler                            0x08002536   Section        0  stm32f1xx_it.o(i.NMI_Handler)
    i.PendSV_Handler                         0x08002538   Section        0  stm32f1xx_it.o(i.PendSV_Handler)
    i.SVC_Handler                            0x0800253a   Section        0  stm32f1xx_it.o(i.SVC_Handler)
    i.Set_Pin_Input                          0x0800253c   Section        0  dht.o(i.Set_Pin_Input)
    i.Set_Pin_Output                         0x08002550   Section        0  dht.o(i.Set_Pin_Output)
    i.SysTick_Handler                        0x08002568   Section        0  stm32f1xx_it.o(i.SysTick_Handler)
    i.SystemClock_Config                     0x0800256c   Section        0  main.o(i.SystemClock_Config)
    i.SystemInit                             0x080025e4   Section        0  system_stm32f1xx.o(i.SystemInit)
    i.UART_DMAAbortOnError                   0x080025e6   Section        0  stm32f1xx_hal_uart.o(i.UART_DMAAbortOnError)
    UART_DMAAbortOnError                     0x080025e7   Thumb Code    16  stm32f1xx_hal_uart.o(i.UART_DMAAbortOnError)
    i.UART_EndRxTransfer                     0x080025f6   Section        0  stm32f1xx_hal_uart.o(i.UART_EndRxTransfer)
    UART_EndRxTransfer                       0x080025f7   Thumb Code    78  stm32f1xx_hal_uart.o(i.UART_EndRxTransfer)
    i.UART_Receive_IT                        0x08002644   Section        0  stm32f1xx_hal_uart.o(i.UART_Receive_IT)
    UART_Receive_IT                          0x08002645   Thumb Code   194  stm32f1xx_hal_uart.o(i.UART_Receive_IT)
    i.UART_SetConfig                         0x08002708   Section        0  stm32f1xx_hal_uart.o(i.UART_SetConfig)
    UART_SetConfig                           0x08002709   Thumb Code   178  stm32f1xx_hal_uart.o(i.UART_SetConfig)
    i.UART_WaitOnFlagUntilTimeout            0x080027c0   Section        0  stm32f1xx_hal_uart.o(i.UART_WaitOnFlagUntilTimeout)
    UART_WaitOnFlagUntilTimeout              0x080027c1   Thumb Code   120  stm32f1xx_hal_uart.o(i.UART_WaitOnFlagUntilTimeout)
    i.USART1_IRQHandler                      0x08002838   Section        0  stm32f1xx_it.o(i.USART1_IRQHandler)
    i.UsageFault_Handler                     0x08002844   Section        0  stm32f1xx_it.o(i.UsageFault_Handler)
    i.__NVIC_SetPriority                     0x08002846   Section        0  stm32f1xx_hal_cortex.o(i.__NVIC_SetPriority)
    __NVIC_SetPriority                       0x08002847   Thumb Code    32  stm32f1xx_hal_cortex.o(i.__NVIC_SetPriority)
    i.changePage                             0x08002868   Section        0  main.o(i.changePage)
    i.delay                                  0x08002894   Section        0  dht.o(i.delay)
    i.door_down                              0x080028c0   Section        0  main.o(i.door_down)
    i.door_stop                              0x080028e4   Section        0  main.o(i.door_stop)
    i.door_up                                0x0800290c   Section        0  main.o(i.door_up)
    i.main                                   0x08002930   Section        0  main.o(i.main)
    i.page0                                  0x08002c1c   Section        0  main.o(i.page0)
    i.page1                                  0x08002f6c   Section        0  main.o(i.page1)
    i.page2                                  0x08003340   Section        0  main.o(i.page2)
    i.read_dht11                             0x08003624   Section        0  main.o(i.read_dht11)
    i.send_data                              0x0800368c   Section        0  main.o(i.send_data)
    i.send_zigbee                            0x0800373c   Section        0  main.o(i.send_zigbee)
    x$fpl$d2f                                0x0800376c   Section       98  d2f.o(x$fpl$d2f)
    x$fpl$dadd                               0x080037d0   Section      336  daddsub_clz.o(x$fpl$dadd)
    _dadd1                                   0x080037e1   Thumb Code     0  daddsub_clz.o(x$fpl$dadd)
    x$fpl$dcheck1                            0x08003920   Section       16  dcheck1.o(x$fpl$dcheck1)
    x$fpl$ddiv                               0x08003930   Section      688  ddiv.o(x$fpl$ddiv)
    ddiv_entry                               0x08003937   Thumb Code     0  ddiv.o(x$fpl$ddiv)
    x$fpl$dfixu                              0x08003be0   Section       90  dfixu.o(x$fpl$dfixu)
    x$fpl$dfltu                              0x08003c3a   Section       38  dflt_clz.o(x$fpl$dfltu)
    x$fpl$dmul                               0x08003c60   Section      340  dmul.o(x$fpl$dmul)
    x$fpl$dnaninf                            0x08003db4   Section      156  dnaninf.o(x$fpl$dnaninf)
    x$fpl$dretinf                            0x08003e50   Section       12  dretinf.o(x$fpl$dretinf)
    x$fpl$drsb                               0x08003e5c   Section       22  daddsub_clz.o(x$fpl$drsb)
    x$fpl$dsub                               0x08003e74   Section      468  daddsub_clz.o(x$fpl$dsub)
    _dsub1                                   0x08003e85   Thumb Code     0  daddsub_clz.o(x$fpl$dsub)
    x$fpl$f2d                                0x08004048   Section       86  f2d.o(x$fpl$f2d)
    x$fpl$fadd                               0x080040a0   Section      196  faddsub_clz.o(x$fpl$fadd)
    _fadd1                                   0x080040af   Thumb Code     0  faddsub_clz.o(x$fpl$fadd)
    x$fpl$fcheck1                            0x08004164   Section       12  fcheck1.o(x$fpl$fcheck1)
    x$fpl$ffixu                              0x08004170   Section       62  ffixu.o(x$fpl$ffixu)
    x$fpl$ffltu                              0x080041b0   Section       38  fflt_clz.o(x$fpl$ffltu)
    x$fpl$fmul                               0x080041d8   Section      258  fmul.o(x$fpl$fmul)
    x$fpl$fnaninf                            0x080042da   Section      140  fnaninf.o(x$fpl$fnaninf)
    x$fpl$fretinf                            0x08004366   Section       10  fretinf.o(x$fpl$fretinf)
    x$fpl$fsub                               0x08004370   Section      234  faddsub_clz.o(x$fpl$fsub)
    _fsub1                                   0x0800437f   Thumb Code     0  faddsub_clz.o(x$fpl$fsub)
    x$fpl$retnan                             0x0800445a   Section      100  retnan.o(x$fpl$retnan)
    x$fpl$scalbn                             0x080044be   Section       92  scalbn.o(x$fpl$scalbn)
    x$fpl$scalbnf                            0x0800451a   Section       76  scalbnf.o(x$fpl$scalbnf)
    x$fpl$trapveneer                         0x08004566   Section       48  trapv.o(x$fpl$trapveneer)
    .constdata                               0x08004596   Section       18  stm32f1xx_hal_rcc.o(.constdata)
    x$fpl$usenofp                            0x08004596   Section        0  usenofp.o(x$fpl$usenofp)
    aPredivFactorTable                       0x08004596   Data           2  stm32f1xx_hal_rcc.o(.constdata)
    aPLLMULFactorTable                       0x08004598   Data          16  stm32f1xx_hal_rcc.o(.constdata)
    .constdata                               0x080045a8   Section       16  system_stm32f1xx.o(.constdata)
    .constdata                               0x080045b8   Section        8  system_stm32f1xx.o(.constdata)
    .data                                    0x20000000   Section        8  dht.o(.data)
    .data                                    0x20000008   Section       60  main.o(.data)
    .data                                    0x20000044   Section       12  stm32f1xx_hal.o(.data)
    .data                                    0x20000050   Section        4  system_stm32f1xx.o(.data)
    .bss                                     0x20000054   Section      305  main.o(.bss)
    .bss                                     0x20000188   Section       68  main.o(.bss)
    .bss                                     0x200001cc   Section       96  libspace.o(.bss)
    HEAP                                     0x20000230   Section      512  startup_stm32f103xb.o(HEAP)
    Heap_Mem                                 0x20000230   Data         512  startup_stm32f103xb.o(HEAP)
    STACK                                    0x20000430   Section     1024  startup_stm32f103xb.o(STACK)
    Stack_Mem                                0x20000430   Data        1024  startup_stm32f103xb.o(STACK)
    __initial_sp                             0x20000830   Data           0  startup_stm32f103xb.o(STACK)

    Global Symbols

    Symbol Name                              Value     Ov Type        Size  Object(Section)

    BuildAttributes$$THM_ISAv4$P$D$K$B$S$PE$A:L22UL41UL21$X:L11$S22US41US21$IEEE1$IW$USESV6$~STKCKD$USESV7$~SHL$OSPACE$ROPI$EBA8$UX$STANDARDLIB$REQ8$PRES8$EABIv2 0x00000000   Number         0  anon$$obj.o ABSOLUTE
    __ARM_use_no_argv                        0x00000000   Number         0  main.o ABSOLUTE
    _printf_flags                            0x00000000   Number         0  printf_stubs.o ABSOLUTE
    _printf_return_value                     0x00000000   Number         0  printf_stubs.o ABSOLUTE
    _printf_sizespec                         0x00000000   Number         0  printf_stubs.o ABSOLUTE
    _printf_widthprec                        0x00000000   Number         0  printf_stubs.o ABSOLUTE
    __ARM_exceptions_init                     - Undefined Weak Reference
    __alloca_initialize                       - Undefined Weak Reference
    __arm_preinit_                            - Undefined Weak Reference
    __cpp_initialize__aeabi_                  - Undefined Weak Reference
    __cxa_finalize                            - Undefined Weak Reference
    __rt_locale                               - Undefined Weak Reference
    __sigvec_lookup                           - Undefined Weak Reference
    _atexit_init                              - Undefined Weak Reference
    _call_atexit_fns                          - Undefined Weak Reference
    _clock_init                               - Undefined Weak Reference
    _fp_trap_init                             - Undefined Weak Reference
    _fp_trap_shutdown                         - Undefined Weak Reference
    _get_lc_collate                           - Undefined Weak Reference
    _get_lc_ctype                             - Undefined Weak Reference
    _get_lc_monetary                          - Undefined Weak Reference
    _get_lc_numeric                           - Undefined Weak Reference
    _get_lc_time                              - Undefined Weak Reference
    _getenv_init                              - Undefined Weak Reference
    _handle_redirection                       - Undefined Weak Reference
    _init_alloc                               - Undefined Weak Reference
    _init_user_alloc                          - Undefined Weak Reference
    _initio                                   - Undefined Weak Reference
    _printf_post_padding                      - Undefined Weak Reference
    _printf_pre_padding                       - Undefined Weak Reference
    _printf_truncate_signed                   - Undefined Weak Reference
    _printf_truncate_unsigned                 - Undefined Weak Reference
    _rand_init                                - Undefined Weak Reference
    _signal_finish                            - Undefined Weak Reference
    _signal_init                              - Undefined Weak Reference
    _terminate_alloc                          - Undefined Weak Reference
    _terminate_user_alloc                     - Undefined Weak Reference
    _terminateio                              - Undefined Weak Reference
    __Vectors_Size                           0x000000ec   Number         0  startup_stm32f103xb.o ABSOLUTE
    __Vectors                                0x08000000   Data           4  startup_stm32f103xb.o(RESET)
    __Vectors_End                            0x080000ec   Data           0  startup_stm32f103xb.o(RESET)
    __main                                   0x080000ed   Thumb Code     8  __main.o(!!!main)
    __scatterload                            0x080000f5   Thumb Code     0  __scatter.o(!!!scatter)
    __scatterload_rt2                        0x080000f5   Thumb Code    44  __scatter.o(!!!scatter)
    __scatterload_rt2_thumb_only             0x080000f5   Thumb Code     0  __scatter.o(!!!scatter)
    __scatterload_null                       0x08000103   Thumb Code     0  __scatter.o(!!!scatter)
    __scatterload_copy                       0x08000129   Thumb Code    26  __scatter_copy.o(!!handler_copy)
    __scatterload_zeroinit                   0x08000145   Thumb Code    28  __scatter_zi.o(!!handler_zi)
    _printf_d                                0x08000161   Thumb Code     0  _printf_d.o(.ARM.Collect$$_printf_percent$$00000009)
    _printf_percent                          0x08000161   Thumb Code     0  _printf_percent.o(.ARM.Collect$$_printf_percent$$00000000)
    _printf_percent_end                      0x08000167   Thumb Code     0  _printf_percent_end.o(.ARM.Collect$$_printf_percent$$00000017)
    __rt_lib_init                            0x0800016b   Thumb Code     0  libinit.o(.ARM.Collect$$libinit$$00000000)
    __rt_lib_init_alloca_1                   0x0800016d   Thumb Code     0  libinit2.o(.ARM.Collect$$libinit$$0000002E)
    __rt_lib_init_argv_1                     0x0800016d   Thumb Code     0  libinit2.o(.ARM.Collect$$libinit$$0000002C)
    __rt_lib_init_atexit_1                   0x0800016d   Thumb Code     0  libinit2.o(.ARM.Collect$$libinit$$0000001B)
    __rt_lib_init_clock_1                    0x0800016d   Thumb Code     0  libinit2.o(.ARM.Collect$$libinit$$00000021)
    __rt_lib_init_cpp_1                      0x0800016d   Thumb Code     0  libinit2.o(.ARM.Collect$$libinit$$00000032)
    __rt_lib_init_exceptions_1               0x0800016d   Thumb Code     0  libinit2.o(.ARM.Collect$$libinit$$00000030)
    __rt_lib_init_fp_1                       0x0800016d   Thumb Code     0  libinit2.o(.ARM.Collect$$libinit$$00000002)
    __rt_lib_init_fp_trap_1                  0x0800016d   Thumb Code     0  libinit2.o(.ARM.Collect$$libinit$$0000001F)
    __rt_lib_init_getenv_1                   0x0800016d   Thumb Code     0  libinit2.o(.ARM.Collect$$libinit$$00000023)
    __rt_lib_init_heap_1                     0x0800016d   Thumb Code     0  libinit2.o(.ARM.Collect$$libinit$$0000000A)
    __rt_lib_init_lc_collate_1               0x0800016d   Thumb Code     0  libinit2.o(.ARM.Collect$$libinit$$00000011)
    __rt_lib_init_lc_ctype_1                 0x0800016d   Thumb Code     0  libinit2.o(.ARM.Collect$$libinit$$00000013)
    __rt_lib_init_lc_monetary_1              0x0800016d   Thumb Code     0  libinit2.o(.ARM.Collect$$libinit$$00000015)
    __rt_lib_init_lc_numeric_1               0x0800016d   Thumb Code     0  libinit2.o(.ARM.Collect$$libinit$$00000017)
    __rt_lib_init_lc_time_1                  0x0800016d   Thumb Code     0  libinit2.o(.ARM.Collect$$libinit$$00000019)
    __rt_lib_init_preinit_1                  0x0800016d   Thumb Code     0  libinit2.o(.ARM.Collect$$libinit$$00000004)
    __rt_lib_init_rand_1                     0x0800016d   Thumb Code     0  libinit2.o(.ARM.Collect$$libinit$$0000000E)
    __rt_lib_init_return                     0x0800016d   Thumb Code     0  libinit2.o(.ARM.Collect$$libinit$$00000033)
    __rt_lib_init_signal_1                   0x0800016d   Thumb Code     0  libinit2.o(.ARM.Collect$$libinit$$0000001D)
    __rt_lib_init_stdio_1                    0x0800016d   Thumb Code     0  libinit2.o(.ARM.Collect$$libinit$$00000025)
    __rt_lib_init_user_alloc_1               0x0800016d   Thumb Code     0  libinit2.o(.ARM.Collect$$libinit$$0000000C)
    __rt_lib_shutdown                        0x0800016f   Thumb Code     0  libshutdown.o(.ARM.Collect$$libshutdown$$00000000)
    __rt_lib_shutdown_cpp_1                  0x08000171   Thumb Code     0  libshutdown2.o(.ARM.Collect$$libshutdown$$00000002)
    __rt_lib_shutdown_fp_trap_1              0x08000171   Thumb Code     0  libshutdown2.o(.ARM.Collect$$libshutdown$$00000007)
    __rt_lib_shutdown_heap_1                 0x08000171   Thumb Code     0  libshutdown2.o(.ARM.Collect$$libshutdown$$0000000F)
    __rt_lib_shutdown_return                 0x08000171   Thumb Code     0  libshutdown2.o(.ARM.Collect$$libshutdown$$00000010)
    __rt_lib_shutdown_signal_1               0x08000171   Thumb Code     0  libshutdown2.o(.ARM.Collect$$libshutdown$$0000000A)
    __rt_lib_shutdown_stdio_1                0x08000171   Thumb Code     0  libshutdown2.o(.ARM.Collect$$libshutdown$$00000004)
    __rt_lib_shutdown_user_alloc_1           0x08000171   Thumb Code     0  libshutdown2.o(.ARM.Collect$$libshutdown$$0000000C)
    __rt_entry                               0x08000173   Thumb Code     0  __rtentry.o(.ARM.Collect$$rtentry$$00000000)
    __rt_entry_presh_1                       0x08000173   Thumb Code     0  __rtentry2.o(.ARM.Collect$$rtentry$$00000002)
    __rt_entry_sh                            0x08000173   Thumb Code     0  __rtentry4.o(.ARM.Collect$$rtentry$$00000004)
    __rt_entry_li                            0x08000179   Thumb Code     0  __rtentry2.o(.ARM.Collect$$rtentry$$0000000A)
    __rt_entry_postsh_1                      0x08000179   Thumb Code     0  __rtentry2.o(.ARM.Collect$$rtentry$$00000009)
    __rt_entry_main                          0x0800017d   Thumb Code     0  __rtentry2.o(.ARM.Collect$$rtentry$$0000000D)
    __rt_entry_postli_1                      0x0800017d   Thumb Code     0  __rtentry2.o(.ARM.Collect$$rtentry$$0000000C)
    __rt_exit                                0x08000185   Thumb Code     0  rtexit.o(.ARM.Collect$$rtexit$$00000000)
    __rt_exit_ls                             0x08000187   Thumb Code     0  rtexit2.o(.ARM.Collect$$rtexit$$00000003)
    __rt_exit_prels_1                        0x08000187   Thumb Code     0  rtexit2.o(.ARM.Collect$$rtexit$$00000002)
    __rt_exit_exit                           0x0800018b   Thumb Code     0  rtexit2.o(.ARM.Collect$$rtexit$$00000004)
    Reset_Handler                            0x08000191   Thumb Code     8  startup_stm32f103xb.o(.text)
    ADC1_2_IRQHandler                        0x080001ab   Thumb Code     0  startup_stm32f103xb.o(.text)
    CAN1_RX1_IRQHandler                      0x080001ab   Thumb Code     0  startup_stm32f103xb.o(.text)
    CAN1_SCE_IRQHandler                      0x080001ab   Thumb Code     0  startup_stm32f103xb.o(.text)
    DMA1_Channel2_IRQHandler                 0x080001ab   Thumb Code     0  startup_stm32f103xb.o(.text)
    DMA1_Channel3_IRQHandler                 0x080001ab   Thumb Code     0  startup_stm32f103xb.o(.text)
    DMA1_Channel4_IRQHandler                 0x080001ab   Thumb Code     0  startup_stm32f103xb.o(.text)
    DMA1_Channel5_IRQHandler                 0x080001ab   Thumb Code     0  startup_stm32f103xb.o(.text)
    DMA1_Channel6_IRQHandler                 0x080001ab   Thumb Code     0  startup_stm32f103xb.o(.text)
    DMA1_Channel7_IRQHandler                 0x080001ab   Thumb Code     0  startup_stm32f103xb.o(.text)
    EXTI0_IRQHandler                         0x080001ab   Thumb Code     0  startup_stm32f103xb.o(.text)
    EXTI15_10_IRQHandler                     0x080001ab   Thumb Code     0  startup_stm32f103xb.o(.text)
    EXTI1_IRQHandler                         0x080001ab   Thumb Code     0  startup_stm32f103xb.o(.text)
    EXTI2_IRQHandler                         0x080001ab   Thumb Code     0  startup_stm32f103xb.o(.text)
    EXTI3_IRQHandler                         0x080001ab   Thumb Code     0  startup_stm32f103xb.o(.text)
    EXTI4_IRQHandler                         0x080001ab   Thumb Code     0  startup_stm32f103xb.o(.text)
    EXTI9_5_IRQHandler                       0x080001ab   Thumb Code     0  startup_stm32f103xb.o(.text)
    FLASH_IRQHandler                         0x080001ab   Thumb Code     0  startup_stm32f103xb.o(.text)
    I2C1_ER_IRQHandler                       0x080001ab   Thumb Code     0  startup_stm32f103xb.o(.text)
    I2C1_EV_IRQHandler                       0x080001ab   Thumb Code     0  startup_stm32f103xb.o(.text)
    I2C2_ER_IRQHandler                       0x080001ab   Thumb Code     0  startup_stm32f103xb.o(.text)
    I2C2_EV_IRQHandler                       0x080001ab   Thumb Code     0  startup_stm32f103xb.o(.text)
    PVD_IRQHandler                           0x080001ab   Thumb Code     0  startup_stm32f103xb.o(.text)
    RCC_IRQHandler                           0x080001ab   Thumb Code     0  startup_stm32f103xb.o(.text)
    RTC_Alarm_IRQHandler                     0x080001ab   Thumb Code     0  startup_stm32f103xb.o(.text)
    RTC_IRQHandler                           0x080001ab   Thumb Code     0  startup_stm32f103xb.o(.text)
    SPI1_IRQHandler                          0x080001ab   Thumb Code     0  startup_stm32f103xb.o(.text)
    SPI2_IRQHandler                          0x080001ab   Thumb Code     0  startup_stm32f103xb.o(.text)
    TAMPER_IRQHandler                        0x080001ab   Thumb Code     0  startup_stm32f103xb.o(.text)
    TIM1_BRK_IRQHandler                      0x080001ab   Thumb Code     0  startup_stm32f103xb.o(.text)
    TIM1_CC_IRQHandler                       0x080001ab   Thumb Code     0  startup_stm32f103xb.o(.text)
    TIM1_TRG_COM_IRQHandler                  0x080001ab   Thumb Code     0  startup_stm32f103xb.o(.text)
    TIM1_UP_IRQHandler                       0x080001ab   Thumb Code     0  startup_stm32f103xb.o(.text)
    TIM2_IRQHandler                          0x080001ab   Thumb Code     0  startup_stm32f103xb.o(.text)
    TIM3_IRQHandler                          0x080001ab   Thumb Code     0  startup_stm32f103xb.o(.text)
    TIM4_IRQHandler                          0x080001ab   Thumb Code     0  startup_stm32f103xb.o(.text)
    USART2_IRQHandler                        0x080001ab   Thumb Code     0  startup_stm32f103xb.o(.text)
    USART3_IRQHandler                        0x080001ab   Thumb Code     0  startup_stm32f103xb.o(.text)
    USBWakeUp_IRQHandler                     0x080001ab   Thumb Code     0  startup_stm32f103xb.o(.text)
    USB_HP_CAN1_TX_IRQHandler                0x080001ab   Thumb Code     0  startup_stm32f103xb.o(.text)
    USB_LP_CAN1_RX0_IRQHandler               0x080001ab   Thumb Code     0  startup_stm32f103xb.o(.text)
    WWDG_IRQHandler                          0x080001ab   Thumb Code     0  startup_stm32f103xb.o(.text)
    __user_initial_stackheap                 0x080001ad   Thumb Code     0  startup_stm32f103xb.o(.text)
    __2sprintf                               0x080001d1   Thumb Code    38  __2sprintf.o(.text)
    __printf                                 0x080001fd   Thumb Code   104  __printf.o(.text)
    _printf_int_dec                          0x08000265   Thumb Code   104  _printf_dec.o(.text)
    __aeabi_memclr4                          0x080002dd   Thumb Code     0  rt_memclr_w.o(.text)
    __aeabi_memclr8                          0x080002dd   Thumb Code     0  rt_memclr_w.o(.text)
    __rt_memclr_w                            0x080002dd   Thumb Code    78  rt_memclr_w.o(.text)
    _memset_w                                0x080002e1   Thumb Code     0  rt_memclr_w.o(.text)
    __use_two_region_memory                  0x0800032b   Thumb Code     2  heapauxi.o(.text)
    __rt_heap_escrow$2region                 0x0800032d   Thumb Code     2  heapauxi.o(.text)
    __rt_heap_expand$2region                 0x0800032f   Thumb Code     2  heapauxi.o(.text)
    _printf_int_common                       0x08000331   Thumb Code   178  _printf_intcommon.o(.text)
    _printf_char_common                      0x080003ef   Thumb Code    32  _printf_char_common.o(.text)
    _sputc                                   0x08000415   Thumb Code    10  _sputc.o(.text)
    __user_setup_stackheap                   0x0800041f   Thumb Code    74  sys_stackheap_outer.o(.text)
    exit                                     0x08000469   Thumb Code    18  exit.o(.text)
    __user_libspace                          0x0800047d   Thumb Code     8  libspace.o(.text)
    __user_perproc_libspace                  0x0800047d   Thumb Code     0  libspace.o(.text)
    __user_perthread_libspace                0x0800047d   Thumb Code     0  libspace.o(.text)
    _sys_exit                                0x08000485   Thumb Code     8  sys_exit.o(.text)
    __I$use$semihosting                      0x08000491   Thumb Code     0  use_no_semi.o(.text)
    __use_no_semihosting_swi                 0x08000491   Thumb Code     2  use_no_semi.o(.text)
    __semihosting_library_function           0x08000493   Thumb Code     0  indicate_semi.o(.text)
    ADC_ConversionStop_Disable               0x08000495   Thumb Code    86  stm32f1xx_hal_adc.o(i.ADC_ConversionStop_Disable)
    ADC_DMAConvCplt                          0x080004eb   Thumb Code    78  stm32f1xx_hal_adc.o(i.ADC_DMAConvCplt)
    ADC_DMAError                             0x08000539   Thumb Code    26  stm32f1xx_hal_adc.o(i.ADC_DMAError)
    ADC_DMAHalfConvCplt                      0x08000553   Thumb Code    10  stm32f1xx_hal_adc.o(i.ADC_DMAHalfConvCplt)
    ADC_Enable                               0x0800055d   Thumb Code   114  stm32f1xx_hal_adc.o(i.ADC_Enable)
    BusFault_Handler                         0x080005d9   Thumb Code     2  stm32f1xx_it.o(i.BusFault_Handler)
    CLCD_I2C_Clear                           0x080005db   Thumb Code    20  clcd_i2c.o(i.CLCD_I2C_Clear)
    CLCD_I2C_Init                            0x080005ef   Thumb Code   162  clcd_i2c.o(i.CLCD_I2C_Init)
    CLCD_I2C_SetCursor                       0x08000691   Thumb Code    68  clcd_i2c.o(i.CLCD_I2C_SetCursor)
    CLCD_I2C_WriteChar                       0x080006d5   Thumb Code     6  clcd_i2c.o(i.CLCD_I2C_WriteChar)
    CLCD_I2C_WriteString                     0x080006db   Thumb Code    24  clcd_i2c.o(i.CLCD_I2C_WriteString)
    DHT_Check_Response                       0x0800075d   Thumb Code    60  dht.o(i.DHT_Check_Response)
    DHT_GetData                              0x0800079d   Thumb Code    82  dht.o(i.DHT_GetData)
    DHT_Read                                 0x080007f5   Thumb Code    88  dht.o(i.DHT_Read)
    DHT_Start                                0x08000851   Thumb Code    62  dht.o(i.DHT_Start)
    DMA1_Channel1_IRQHandler                 0x08000895   Thumb Code     6  stm32f1xx_it.o(i.DMA1_Channel1_IRQHandler)
    DWT_Delay_Init                           0x080008cd   Thumb Code    58  dht.o(i.DWT_Delay_Init)
    DebugMon_Handler                         0x08000911   Thumb Code     2  stm32f1xx_it.o(i.DebugMon_Handler)
    Error_Handler                            0x08000913   Thumb Code     4  main.o(i.Error_Handler)
    HAL_ADC_ConfigChannel                    0x08000919   Thumb Code   240  stm32f1xx_hal_adc.o(i.HAL_ADC_ConfigChannel)
    HAL_ADC_ConvCpltCallback                 0x08000a15   Thumb Code     2  stm32f1xx_hal_adc.o(i.HAL_ADC_ConvCpltCallback)
    HAL_ADC_ConvHalfCpltCallback             0x08000a17   Thumb Code     2  stm32f1xx_hal_adc.o(i.HAL_ADC_ConvHalfCpltCallback)
    HAL_ADC_ErrorCallback                    0x08000a19   Thumb Code     2  stm32f1xx_hal_adc.o(i.HAL_ADC_ErrorCallback)
    HAL_ADC_Init                             0x08000a1d   Thumb Code   272  stm32f1xx_hal_adc.o(i.HAL_ADC_Init)
    HAL_ADC_MspInit                          0x08000b39   Thumb Code   122  stm32f1xx_hal_msp.o(i.HAL_ADC_MspInit)
    HAL_ADC_Start_DMA                        0x08000bc9   Thumb Code   246  stm32f1xx_hal_adc.o(i.HAL_ADC_Start_DMA)
    HAL_DMA_Abort                            0x08000cd5   Thumb Code    70  stm32f1xx_hal_dma.o(i.HAL_DMA_Abort)
    HAL_DMA_Abort_IT                         0x08000d1d   Thumb Code   148  stm32f1xx_hal_dma.o(i.HAL_DMA_Abort_IT)
    HAL_DMA_IRQHandler                       0x08000db5   Thumb Code   316  stm32f1xx_hal_dma.o(i.HAL_DMA_IRQHandler)
    HAL_DMA_Init                             0x08000f09   Thumb Code    84  stm32f1xx_hal_dma.o(i.HAL_DMA_Init)
    HAL_DMA_Start_IT                         0x08000f65   Thumb Code   112  stm32f1xx_hal_dma.o(i.HAL_DMA_Start_IT)
    HAL_Delay                                0x08000fd5   Thumb Code    32  stm32f1xx_hal.o(i.HAL_Delay)
    HAL_GPIO_Init                            0x08000ff9   Thumb Code   446  stm32f1xx_hal_gpio.o(i.HAL_GPIO_Init)
    HAL_GPIO_ReadPin                         0x080011d9   Thumb Code    10  stm32f1xx_hal_gpio.o(i.HAL_GPIO_ReadPin)
    HAL_GPIO_WritePin                        0x080011e3   Thumb Code    10  stm32f1xx_hal_gpio.o(i.HAL_GPIO_WritePin)
    HAL_GetTick                              0x080011ed   Thumb Code     6  stm32f1xx_hal.o(i.HAL_GetTick)
    HAL_I2C_Init                             0x080011f9   Thumb Code   376  stm32f1xx_hal_i2c.o(i.HAL_I2C_Init)
    HAL_I2C_Master_Transmit                  0x08001381   Thumb Code   290  stm32f1xx_hal_i2c.o(i.HAL_I2C_Master_Transmit)
    HAL_I2C_MspInit                          0x080014ad   Thumb Code    80  stm32f1xx_hal_msp.o(i.HAL_I2C_MspInit)
    HAL_IncTick                              0x08001509   Thumb Code    12  stm32f1xx_hal.o(i.HAL_IncTick)
    HAL_Init                                 0x08001519   Thumb Code    32  stm32f1xx_hal.o(i.HAL_Init)
    HAL_InitTick                             0x0800153d   Thumb Code    54  stm32f1xx_hal.o(i.HAL_InitTick)
    HAL_MspInit                              0x0800157d   Thumb Code    52  stm32f1xx_hal_msp.o(i.HAL_MspInit)
    HAL_NVIC_EnableIRQ                       0x080015b9   Thumb Code    26  stm32f1xx_hal_cortex.o(i.HAL_NVIC_EnableIRQ)
    HAL_NVIC_SetPriority                     0x080015d5   Thumb Code    60  stm32f1xx_hal_cortex.o(i.HAL_NVIC_SetPriority)
    HAL_NVIC_SetPriorityGrouping             0x08001615   Thumb Code    26  stm32f1xx_hal_cortex.o(i.HAL_NVIC_SetPriorityGrouping)
    HAL_RCCEx_PeriphCLKConfig                0x08001639   Thumb Code   224  stm32f1xx_hal_rcc_ex.o(i.HAL_RCCEx_PeriphCLKConfig)
    HAL_RCC_ClockConfig                      0x08001725   Thumb Code   280  stm32f1xx_hal_rcc.o(i.HAL_RCC_ClockConfig)
    HAL_RCC_GetHCLKFreq                      0x08001851   Thumb Code     6  stm32f1xx_hal_rcc.o(i.HAL_RCC_GetHCLKFreq)
    HAL_RCC_GetPCLK1Freq                     0x0800185d   Thumb Code    20  stm32f1xx_hal_rcc.o(i.HAL_RCC_GetPCLK1Freq)
    HAL_RCC_GetPCLK2Freq                     0x0800187d   Thumb Code    20  stm32f1xx_hal_rcc.o(i.HAL_RCC_GetPCLK2Freq)
    HAL_RCC_GetSysClockFreq                  0x0800189d   Thumb Code    58  stm32f1xx_hal_rcc.o(i.HAL_RCC_GetSysClockFreq)
    HAL_RCC_OscConfig                        0x080018e9   Thumb Code   778  stm32f1xx_hal_rcc.o(i.HAL_RCC_OscConfig)
    HAL_SYSTICK_Config                       0x08001c09   Thumb Code    40  stm32f1xx_hal_cortex.o(i.HAL_SYSTICK_Config)
    HAL_UARTEx_RxEventCallback               0x08001c31   Thumb Code     2  stm32f1xx_hal_uart.o(i.HAL_UARTEx_RxEventCallback)
    HAL_UART_ErrorCallback                   0x08001c33   Thumb Code     2  stm32f1xx_hal_uart.o(i.HAL_UART_ErrorCallback)
    HAL_UART_IRQHandler                      0x08001c35   Thumb Code   616  stm32f1xx_hal_uart.o(i.HAL_UART_IRQHandler)
    HAL_UART_Init                            0x08001ea1   Thumb Code   100  stm32f1xx_hal_uart.o(i.HAL_UART_Init)
    HAL_UART_MspInit                         0x08001f05   Thumb Code   116  stm32f1xx_hal_msp.o(i.HAL_UART_MspInit)
    HAL_UART_Receive                         0x08001f85   Thumb Code   172  stm32f1xx_hal_uart.o(i.HAL_UART_Receive)
    HAL_UART_RxCpltCallback                  0x08002031   Thumb Code     2  stm32f1xx_hal_uart.o(i.HAL_UART_RxCpltCallback)
    HAL_UART_Transmit                        0x08002033   Thumb Code   154  stm32f1xx_hal_uart.o(i.HAL_UART_Transmit)
    HAL_UART_TxCpltCallback                  0x080020cd   Thumb Code     2  stm32f1xx_hal_uart.o(i.HAL_UART_TxCpltCallback)
    HardFault_Handler                        0x080020cf   Thumb Code     2  stm32f1xx_it.o(i.HardFault_Handler)
    MemManage_Handler                        0x08002535   Thumb Code     2  stm32f1xx_it.o(i.MemManage_Handler)
    NMI_Handler                              0x08002537   Thumb Code     2  stm32f1xx_it.o(i.NMI_Handler)
    PendSV_Handler                           0x08002539   Thumb Code     2  stm32f1xx_it.o(i.PendSV_Handler)
    SVC_Handler                              0x0800253b   Thumb Code     2  stm32f1xx_it.o(i.SVC_Handler)
    Set_Pin_Input                            0x0800253d   Thumb Code    20  dht.o(i.Set_Pin_Input)
    Set_Pin_Output                           0x08002551   Thumb Code    24  dht.o(i.Set_Pin_Output)
    SysTick_Handler                          0x08002569   Thumb Code     4  stm32f1xx_it.o(i.SysTick_Handler)
    SystemClock_Config                       0x0800256d   Thumb Code   120  main.o(i.SystemClock_Config)
    SystemInit                               0x080025e5   Thumb Code     2  system_stm32f1xx.o(i.SystemInit)
    USART1_IRQHandler                        0x08002839   Thumb Code     6  stm32f1xx_it.o(i.USART1_IRQHandler)
    UsageFault_Handler                       0x08002845   Thumb Code     2  stm32f1xx_it.o(i.UsageFault_Handler)
    changePage                               0x08002869   Thumb Code    34  main.o(i.changePage)
    delay                                    0x08002895   Thumb Code    34  dht.o(i.delay)
    door_down                                0x080028c1   Thumb Code    28  main.o(i.door_down)
    door_stop                                0x080028e5   Thumb Code    30  main.o(i.door_stop)
    door_up                                  0x0800290d   Thumb Code    28  main.o(i.door_up)
    main                                     0x08002931   Thumb Code   694  main.o(i.main)
    page0                                    0x08002c1d   Thumb Code   760  main.o(i.page0)
    page1                                    0x08002f6d   Thumb Code   898  main.o(i.page1)
    page2                                    0x08003341   Thumb Code   696  main.o(i.page2)
    read_dht11                               0x08003625   Thumb Code   100  main.o(i.read_dht11)
    send_data                                0x0800368d   Thumb Code   146  main.o(i.send_data)
    send_zigbee                              0x0800373d   Thumb Code    44  main.o(i.send_zigbee)
    __aeabi_d2f                              0x0800376d   Thumb Code     0  d2f.o(x$fpl$d2f)
    _d2f                                     0x0800376d   Thumb Code    98  d2f.o(x$fpl$d2f)
    __aeabi_dadd                             0x080037d1   Thumb Code     0  daddsub_clz.o(x$fpl$dadd)
    _dadd                                    0x080037d1   Thumb Code   332  daddsub_clz.o(x$fpl$dadd)
    __fpl_dcheck_NaN1                        0x08003921   Thumb Code    10  dcheck1.o(x$fpl$dcheck1)
    __aeabi_ddiv                             0x08003931   Thumb Code     0  ddiv.o(x$fpl$ddiv)
    _ddiv                                    0x08003931   Thumb Code   552  ddiv.o(x$fpl$ddiv)
    __aeabi_d2uiz                            0x08003be1   Thumb Code     0  dfixu.o(x$fpl$dfixu)
    _dfixu                                   0x08003be1   Thumb Code    90  dfixu.o(x$fpl$dfixu)
    __aeabi_ui2d                             0x08003c3b   Thumb Code     0  dflt_clz.o(x$fpl$dfltu)
    _dfltu                                   0x08003c3b   Thumb Code    38  dflt_clz.o(x$fpl$dfltu)
    __aeabi_dmul                             0x08003c61   Thumb Code     0  dmul.o(x$fpl$dmul)
    _dmul                                    0x08003c61   Thumb Code   332  dmul.o(x$fpl$dmul)
    __fpl_dnaninf                            0x08003db5   Thumb Code   156  dnaninf.o(x$fpl$dnaninf)
    __fpl_dretinf                            0x08003e51   Thumb Code    12  dretinf.o(x$fpl$dretinf)
    __aeabi_drsub                            0x08003e5d   Thumb Code     0  daddsub_clz.o(x$fpl$drsb)
    _drsb                                    0x08003e5d   Thumb Code    22  daddsub_clz.o(x$fpl$drsb)
    __aeabi_dsub                             0x08003e75   Thumb Code     0  daddsub_clz.o(x$fpl$dsub)
    _dsub                                    0x08003e75   Thumb Code   464  daddsub_clz.o(x$fpl$dsub)
    __aeabi_f2d                              0x08004049   Thumb Code     0  f2d.o(x$fpl$f2d)
    _f2d                                     0x08004049   Thumb Code    86  f2d.o(x$fpl$f2d)
    __aeabi_fadd                             0x080040a1   Thumb Code     0  faddsub_clz.o(x$fpl$fadd)
    _fadd                                    0x080040a1   Thumb Code   196  faddsub_clz.o(x$fpl$fadd)
    __fpl_fcheck_NaN1                        0x08004165   Thumb Code     6  fcheck1.o(x$fpl$fcheck1)
    __aeabi_f2uiz                            0x08004171   Thumb Code     0  ffixu.o(x$fpl$ffixu)
    _ffixu                                   0x08004171   Thumb Code    62  ffixu.o(x$fpl$ffixu)
    __aeabi_ui2f                             0x080041b1   Thumb Code     0  fflt_clz.o(x$fpl$ffltu)
    _ffltu                                   0x080041b1   Thumb Code    38  fflt_clz.o(x$fpl$ffltu)
    __aeabi_fmul                             0x080041d9   Thumb Code     0  fmul.o(x$fpl$fmul)
    _fmul                                    0x080041d9   Thumb Code   258  fmul.o(x$fpl$fmul)
    __fpl_fnaninf                            0x080042db   Thumb Code   140  fnaninf.o(x$fpl$fnaninf)
    __fpl_fretinf                            0x08004367   Thumb Code    10  fretinf.o(x$fpl$fretinf)
    __aeabi_fsub                             0x08004371   Thumb Code     0  faddsub_clz.o(x$fpl$fsub)
    _fsub                                    0x08004371   Thumb Code   234  faddsub_clz.o(x$fpl$fsub)
    __fpl_return_NaN                         0x0800445b   Thumb Code   100  retnan.o(x$fpl$retnan)
    __ARM_scalbn                             0x080044bf   Thumb Code    92  scalbn.o(x$fpl$scalbn)
    __ARM_scalbnf                            0x0800451b   Thumb Code    76  scalbnf.o(x$fpl$scalbnf)
    __fpl_cmpreturn                          0x08004567   Thumb Code    48  trapv.o(x$fpl$trapveneer)
    __I$use$fp                               0x08004596   Number         0  usenofp.o(x$fpl$usenofp)
    AHBPrescTable                            0x080045a8   Data          16  system_stm32f1xx.o(.constdata)
    APBPrescTable                            0x080045b8   Data           8  system_stm32f1xx.o(.constdata)
    Region$$Table$$Base                      0x080045c0   Number         0  anon$$obj.o(Region$$Table)
    Region$$Table$$Limit                     0x080045e0   Number         0  anon$$obj.o(Region$$Table)
    Presence                                 0x20000000   Data           1  dht.o(.data)
    Rh_byte1                                 0x20000001   Data           1  dht.o(.data)
    Rh_byte2                                 0x20000002   Data           1  dht.o(.data)
    Temp_byte1                               0x20000003   Data           1  dht.o(.data)
    Temp_byte2                               0x20000004   Data           1  dht.o(.data)
    SUM                                      0x20000006   Data           2  dht.o(.data)
    time_send                                0x20000008   Data           1  main.o(.data)
    old_time_send                            0x20000009   Data           1  main.o(.data)
    dataRx                                   0x2000000a   Data           1  main.o(.data)
    temp_dht                                 0x2000000b   Data           1  main.o(.data)
    hum_dht                                  0x2000000c   Data           1  main.o(.data)
    count_dht                                0x2000000d   Data           1  main.o(.data)
    old_count                                0x2000000e   Data           1  main.o(.data)
    count_send_zigbee                        0x2000000f   Data           1  main.o(.data)
    old_count_send_zigbee                    0x20000010   Data           1  main.o(.data)
    count_time                               0x20000012   Data           2  main.o(.data)
    count_next_page                          0x20000014   Data           2  main.o(.data)
    page_0                                   0x20000016   Data           2  main.o(.data)
    len                                      0x20000018   Data           4  main.o(.data)
    time_senddata                            0x2000001c   Data           4  main.o(.data)
    time                                     0x20000020   Data           4  main.o(.data)
    time_dht                                 0x20000024   Data           4  main.o(.data)
    time_send_zigbee                         0x20000028   Data           4  main.o(.data)
    page_2                                   0x2000002c   Data           6  main.o(.data)
    DHT11                                    0x20000034   Data           8  main.o(.data)
    status                                   0x2000003c   Data           8  main.o(.data)
    uwTickFreq                               0x20000044   Data           1  stm32f1xx_hal.o(.data)
    uwTickPrio                               0x20000048   Data           4  stm32f1xx_hal.o(.data)
    uwTick                                   0x2000004c   Data           4  stm32f1xx_hal.o(.data)
    SystemCoreClock                          0x20000050   Data           4  system_stm32f1xx.o(.data)
    hadc1                                    0x20000054   Data          48  main.o(.bss)
    hi2c1                                    0x20000084   Data          84  main.o(.bss)
    huart1                                   0x200000d8   Data          72  main.o(.bss)
    LCD1                                     0x20000120   Data          12  main.o(.bss)
    str                                      0x2000012c   Data          16  main.o(.bss)
    readAdc                                  0x2000013c   Data          10  main.o(.bss)
    sensor                                   0x20000148   Data          20  main.o(.bss)
    adc                                      0x2000015c   Data          10  main.o(.bss)
    vol                                      0x20000168   Data          20  main.o(.bss)
    page_1                                   0x2000017c   Data           9  main.o(.bss)
    hdma_adc1                                0x20000188   Data          68  main.o(.bss)
    __libspace_start                         0x200001cc   Data          96  libspace.o(.bss)
    __temporary_stack_top$libspace           0x2000022c   Data           0  libspace.o(.bss)



==============================================================================

Memory Map of the image

  Image Entry point : 0x080000ed

  Load Region LR_IROM1 (Base: 0x08000000, Size: 0x00004634, Max: 0x00010000, ABSOLUTE)

    Execution Region ER_IROM1 (Base: 0x08000000, Size: 0x000045e0, Max: 0x00010000, ABSOLUTE)

    Base Addr    Size         Type   Attr      Idx    E Section Name        Object

    0x08000000   0x000000ec   Data   RO            3    RESET               startup_stm32f103xb.o
    0x080000ec   0x00000008   Code   RO         2723  * !!!main             c_w.l(__main.o)
    0x080000f4   0x00000034   Code   RO         2954    !!!scatter          c_w.l(__scatter.o)
    0x08000128   0x0000001a   Code   RO         2956    !!handler_copy      c_w.l(__scatter_copy.o)
    0x08000142   0x00000002   PAD
    0x08000144   0x0000001c   Code   RO         2958    !!handler_zi        c_w.l(__scatter_zi.o)
    0x08000160   0x00000000   Code   RO         2718    .ARM.Collect$$_printf_percent$$00000000  c_w.l(_printf_percent.o)
    0x08000160   0x00000006   Code   RO         2717    .ARM.Collect$$_printf_percent$$00000009  c_w.l(_printf_d.o)
    0x08000166   0x00000004   Code   RO         2780    .ARM.Collect$$_printf_percent$$00000017  c_w.l(_printf_percent_end.o)
    0x0800016a   0x00000002   Code   RO         2822    .ARM.Collect$$libinit$$00000000  c_w.l(libinit.o)
    0x0800016c   0x00000000   Code   RO         2831    .ARM.Collect$$libinit$$00000002  c_w.l(libinit2.o)
    0x0800016c   0x00000000   Code   RO         2833    .ARM.Collect$$libinit$$00000004  c_w.l(libinit2.o)
    0x0800016c   0x00000000   Code   RO         2836    .ARM.Collect$$libinit$$0000000A  c_w.l(libinit2.o)
    0x0800016c   0x00000000   Code   RO         2838    .ARM.Collect$$libinit$$0000000C  c_w.l(libinit2.o)
    0x0800016c   0x00000000   Code   RO         2840    .ARM.Collect$$libinit$$0000000E  c_w.l(libinit2.o)
    0x0800016c   0x00000000   Code   RO         2843    .ARM.Collect$$libinit$$00000011  c_w.l(libinit2.o)
    0x0800016c   0x00000000   Code   RO         2845    .ARM.Collect$$libinit$$00000013  c_w.l(libinit2.o)
    0x0800016c   0x00000000   Code   RO         2847    .ARM.Collect$$libinit$$00000015  c_w.l(libinit2.o)
    0x0800016c   0x00000000   Code   RO         2849    .ARM.Collect$$libinit$$00000017  c_w.l(libinit2.o)
    0x0800016c   0x00000000   Code   RO         2851    .ARM.Collect$$libinit$$00000019  c_w.l(libinit2.o)
    0x0800016c   0x00000000   Code   RO         2853    .ARM.Collect$$libinit$$0000001B  c_w.l(libinit2.o)
    0x0800016c   0x00000000   Code   RO         2855    .ARM.Collect$$libinit$$0000001D  c_w.l(libinit2.o)
    0x0800016c   0x00000000   Code   RO         2857    .ARM.Collect$$libinit$$0000001F  c_w.l(libinit2.o)
    0x0800016c   0x00000000   Code   RO         2859    .ARM.Collect$$libinit$$00000021  c_w.l(libinit2.o)
    0x0800016c   0x00000000   Code   RO         2861    .ARM.Collect$$libinit$$00000023  c_w.l(libinit2.o)
    0x0800016c   0x00000000   Code   RO         2863    .ARM.Collect$$libinit$$00000025  c_w.l(libinit2.o)
    0x0800016c   0x00000000   Code   RO         2867    .ARM.Collect$$libinit$$0000002C  c_w.l(libinit2.o)
    0x0800016c   0x00000000   Code   RO         2869    .ARM.Collect$$libinit$$0000002E  c_w.l(libinit2.o)
    0x0800016c   0x00000000   Code   RO         2871    .ARM.Collect$$libinit$$00000030  c_w.l(libinit2.o)
    0x0800016c   0x00000000   Code   RO         2873    .ARM.Collect$$libinit$$00000032  c_w.l(libinit2.o)
    0x0800016c   0x00000002   Code   RO         2874    .ARM.Collect$$libinit$$00000033  c_w.l(libinit2.o)
    0x0800016e   0x00000002   Code   RO         2894    .ARM.Collect$$libshutdown$$00000000  c_w.l(libshutdown.o)
    0x08000170   0x00000000   Code   RO         2907    .ARM.Collect$$libshutdown$$00000002  c_w.l(libshutdown2.o)
    0x08000170   0x00000000   Code   RO         2909    .ARM.Collect$$libshutdown$$00000004  c_w.l(libshutdown2.o)
    0x08000170   0x00000000   Code   RO         2912    .ARM.Collect$$libshutdown$$00000007  c_w.l(libshutdown2.o)
    0x08000170   0x00000000   Code   RO         2915    .ARM.Collect$$libshutdown$$0000000A  c_w.l(libshutdown2.o)
    0x08000170   0x00000000   Code   RO         2917    .ARM.Collect$$libshutdown$$0000000C  c_w.l(libshutdown2.o)
    0x08000170   0x00000000   Code   RO         2920    .ARM.Collect$$libshutdown$$0000000F  c_w.l(libshutdown2.o)
    0x08000170   0x00000002   Code   RO         2921    .ARM.Collect$$libshutdown$$00000010  c_w.l(libshutdown2.o)
    0x08000172   0x00000000   Code   RO         2773    .ARM.Collect$$rtentry$$00000000  c_w.l(__rtentry.o)
    0x08000172   0x00000000   Code   RO         2795    .ARM.Collect$$rtentry$$00000002  c_w.l(__rtentry2.o)
    0x08000172   0x00000006   Code   RO         2807    .ARM.Collect$$rtentry$$00000004  c_w.l(__rtentry4.o)
    0x08000178   0x00000000   Code   RO         2797    .ARM.Collect$$rtentry$$00000009  c_w.l(__rtentry2.o)
    0x08000178   0x00000004   Code   RO         2798    .ARM.Collect$$rtentry$$0000000A  c_w.l(__rtentry2.o)
    0x0800017c   0x00000000   Code   RO         2800    .ARM.Collect$$rtentry$$0000000C  c_w.l(__rtentry2.o)
    0x0800017c   0x00000008   Code   RO         2801    .ARM.Collect$$rtentry$$0000000D  c_w.l(__rtentry2.o)
    0x08000184   0x00000002   Code   RO         2828    .ARM.Collect$$rtexit$$00000000  c_w.l(rtexit.o)
    0x08000186   0x00000000   Code   RO         2876    .ARM.Collect$$rtexit$$00000002  c_w.l(rtexit2.o)
    0x08000186   0x00000004   Code   RO         2877    .ARM.Collect$$rtexit$$00000003  c_w.l(rtexit2.o)
    0x0800018a   0x00000006   Code   RO         2878    .ARM.Collect$$rtexit$$00000004  c_w.l(rtexit2.o)
    0x08000190   0x00000040   Code   RO            4    .text               startup_stm32f103xb.o
    0x080001d0   0x0000002c   Code   RO         2689    .text               c_w.l(__2sprintf.o)
    0x080001fc   0x00000068   Code   RO         2693    .text               c_w.l(__printf.o)
    0x08000264   0x00000078   Code   RO         2695    .text               c_w.l(_printf_dec.o)
    0x080002dc   0x0000004e   Code   RO         2719    .text               c_w.l(rt_memclr_w.o)
    0x0800032a   0x00000006   Code   RO         2721    .text               c_w.l(heapauxi.o)
    0x08000330   0x000000b2   Code   RO         2774    .text               c_w.l(_printf_intcommon.o)
    0x080003e2   0x00000002   PAD
    0x080003e4   0x00000030   Code   RO         2776    .text               c_w.l(_printf_char_common.o)
    0x08000414   0x0000000a   Code   RO         2778    .text               c_w.l(_sputc.o)
    0x0800041e   0x0000004a   Code   RO         2813    .text               c_w.l(sys_stackheap_outer.o)
    0x08000468   0x00000012   Code   RO         2815    .text               c_w.l(exit.o)
    0x0800047a   0x00000002   PAD
    0x0800047c   0x00000008   Code   RO         2825    .text               c_w.l(libspace.o)
    0x08000484   0x0000000c   Code   RO         2886    .text               c_w.l(sys_exit.o)
    0x08000490   0x00000002   Code   RO         2897    .text               c_w.l(use_no_semi.o)
    0x08000492   0x00000000   Code   RO         2899    .text               c_w.l(indicate_semi.o)
    0x08000492   0x00000002   PAD
    0x08000494   0x00000056   Code   RO          561    i.ADC_ConversionStop_Disable  stm32f1xx_hal_adc.o
    0x080004ea   0x0000004e   Code   RO          562    i.ADC_DMAConvCplt   stm32f1xx_hal_adc.o
    0x08000538   0x0000001a   Code   RO          563    i.ADC_DMAError      stm32f1xx_hal_adc.o
    0x08000552   0x0000000a   Code   RO          564    i.ADC_DMAHalfConvCplt  stm32f1xx_hal_adc.o
    0x0800055c   0x0000007c   Code   RO          565    i.ADC_Enable        stm32f1xx_hal_adc.o
    0x080005d8   0x00000002   Code   RO          376    i.BusFault_Handler  stm32f1xx_it.o
    0x080005da   0x00000014   Code   RO           15    i.CLCD_I2C_Clear    clcd_i2c.o
    0x080005ee   0x000000a2   Code   RO           18    i.CLCD_I2C_Init     clcd_i2c.o
    0x08000690   0x00000044   Code   RO           20    i.CLCD_I2C_SetCursor  clcd_i2c.o
    0x080006d4   0x00000006   Code   RO           21    i.CLCD_I2C_WriteChar  clcd_i2c.o
    0x080006da   0x00000018   Code   RO           22    i.CLCD_I2C_WriteString  clcd_i2c.o
    0x080006f2   0x0000006a   Code   RO           23    i.CLCD_WriteI2C     clcd_i2c.o
    0x0800075c   0x00000040   Code   RO          187    i.DHT_Check_Response  dht.o
    0x0800079c   0x00000058   Code   RO          188    i.DHT_GetData       dht.o
    0x080007f4   0x0000005c   Code   RO          189    i.DHT_Read          dht.o
    0x08000850   0x00000044   Code   RO          190    i.DHT_Start         dht.o
    0x08000894   0x0000000c   Code   RO          377    i.DMA1_Channel1_IRQHandler  stm32f1xx_it.o
    0x080008a0   0x0000002a   Code   RO         1217    i.DMA_SetConfig     stm32f1xx_hal_dma.o
    0x080008ca   0x00000002   PAD
    0x080008cc   0x00000044   Code   RO          191    i.DWT_Delay_Init    dht.o
    0x08000910   0x00000002   Code   RO          378    i.DebugMon_Handler  stm32f1xx_it.o
    0x08000912   0x00000004   Code   RO          257    i.Error_Handler     main.o
    0x08000916   0x00000002   PAD
    0x08000918   0x000000fc   Code   RO          567    i.HAL_ADC_ConfigChannel  stm32f1xx_hal_adc.o
    0x08000a14   0x00000002   Code   RO          568    i.HAL_ADC_ConvCpltCallback  stm32f1xx_hal_adc.o
    0x08000a16   0x00000002   Code   RO          569    i.HAL_ADC_ConvHalfCpltCallback  stm32f1xx_hal_adc.o
    0x08000a18   0x00000002   Code   RO          571    i.HAL_ADC_ErrorCallback  stm32f1xx_hal_adc.o
    0x08000a1a   0x00000002   PAD
    0x08000a1c   0x0000011c   Code   RO          576    i.HAL_ADC_Init      stm32f1xx_hal_adc.o
    0x08000b38   0x00000090   Code   RO          465    i.HAL_ADC_MspInit   stm32f1xx_hal_msp.o
    0x08000bc8   0x0000010c   Code   RO          583    i.HAL_ADC_Start_DMA  stm32f1xx_hal_adc.o
    0x08000cd4   0x00000046   Code   RO         1218    i.HAL_DMA_Abort     stm32f1xx_hal_dma.o
    0x08000d1a   0x00000002   PAD
    0x08000d1c   0x00000098   Code   RO         1219    i.HAL_DMA_Abort_IT  stm32f1xx_hal_dma.o
    0x08000db4   0x00000154   Code   RO         1223    i.HAL_DMA_IRQHandler  stm32f1xx_hal_dma.o
    0x08000f08   0x0000005c   Code   RO         1224    i.HAL_DMA_Init      stm32f1xx_hal_dma.o
    0x08000f64   0x00000070   Code   RO         1228    i.HAL_DMA_Start_IT  stm32f1xx_hal_dma.o
    0x08000fd4   0x00000024   Code   RO          844    i.HAL_Delay         stm32f1xx_hal.o
    0x08000ff8   0x000001e0   Code   RO         1154    i.HAL_GPIO_Init     stm32f1xx_hal_gpio.o
    0x080011d8   0x0000000a   Code   RO         1156    i.HAL_GPIO_ReadPin  stm32f1xx_hal_gpio.o
    0x080011e2   0x0000000a   Code   RO         1158    i.HAL_GPIO_WritePin  stm32f1xx_hal_gpio.o
    0x080011ec   0x0000000c   Code   RO          848    i.HAL_GetTick       stm32f1xx_hal.o
    0x080011f8   0x00000188   Code   RO         1825    i.HAL_I2C_Init      stm32f1xx_hal_i2c.o
    0x08001380   0x0000012c   Code   RO         1838    i.HAL_I2C_Master_Transmit  stm32f1xx_hal_i2c.o
    0x080014ac   0x0000005c   Code   RO          467    i.HAL_I2C_MspInit   stm32f1xx_hal_msp.o
    0x08001508   0x00000010   Code   RO          854    i.HAL_IncTick       stm32f1xx_hal.o
    0x08001518   0x00000024   Code   RO          855    i.HAL_Init          stm32f1xx_hal.o
    0x0800153c   0x00000040   Code   RO          856    i.HAL_InitTick      stm32f1xx_hal.o
    0x0800157c   0x0000003c   Code   RO          468    i.HAL_MspInit       stm32f1xx_hal_msp.o
    0x080015b8   0x0000001a   Code   RO         1314    i.HAL_NVIC_EnableIRQ  stm32f1xx_hal_cortex.o
    0x080015d2   0x00000002   PAD
    0x080015d4   0x00000040   Code   RO         1320    i.HAL_NVIC_SetPriority  stm32f1xx_hal_cortex.o
    0x08001614   0x00000024   Code   RO         1321    i.HAL_NVIC_SetPriorityGrouping  stm32f1xx_hal_cortex.o
    0x08001638   0x000000ec   Code   RO         1116    i.HAL_RCCEx_PeriphCLKConfig  stm32f1xx_hal_rcc_ex.o
    0x08001724   0x0000012c   Code   RO         1012    i.HAL_RCC_ClockConfig  stm32f1xx_hal_rcc.o
    0x08001850   0x0000000c   Code   RO         1017    i.HAL_RCC_GetHCLKFreq  stm32f1xx_hal_rcc.o
    0x0800185c   0x00000020   Code   RO         1019    i.HAL_RCC_GetPCLK1Freq  stm32f1xx_hal_rcc.o
    0x0800187c   0x00000020   Code   RO         1020    i.HAL_RCC_GetPCLK2Freq  stm32f1xx_hal_rcc.o
    0x0800189c   0x0000004c   Code   RO         1021    i.HAL_RCC_GetSysClockFreq  stm32f1xx_hal_rcc.o
    0x080018e8   0x00000320   Code   RO         1024    i.HAL_RCC_OscConfig  stm32f1xx_hal_rcc.o
    0x08001c08   0x00000028   Code   RO         1325    i.HAL_SYSTICK_Config  stm32f1xx_hal_cortex.o
    0x08001c30   0x00000002   Code   RO         2299    i.HAL_UARTEx_RxEventCallback  stm32f1xx_hal_uart.o
    0x08001c32   0x00000002   Code   RO         2313    i.HAL_UART_ErrorCallback  stm32f1xx_hal_uart.o
    0x08001c34   0x0000026c   Code   RO         2316    i.HAL_UART_IRQHandler  stm32f1xx_hal_uart.o
    0x08001ea0   0x00000064   Code   RO         2317    i.HAL_UART_Init     stm32f1xx_hal_uart.o
    0x08001f04   0x00000080   Code   RO          470    i.HAL_UART_MspInit  stm32f1xx_hal_msp.o
    0x08001f84   0x000000ac   Code   RO         2320    i.HAL_UART_Receive  stm32f1xx_hal_uart.o
    0x08002030   0x00000002   Code   RO         2323    i.HAL_UART_RxCpltCallback  stm32f1xx_hal_uart.o
    0x08002032   0x0000009a   Code   RO         2325    i.HAL_UART_Transmit  stm32f1xx_hal_uart.o
    0x080020cc   0x00000002   Code   RO         2328    i.HAL_UART_TxCpltCallback  stm32f1xx_hal_uart.o
    0x080020ce   0x00000002   Code   RO          379    i.HardFault_Handler  stm32f1xx_it.o
    0x080020d0   0x0000002e   Code   RO         1868    i.I2C_IsAcknowledgeFailed  stm32f1xx_hal_i2c.o
    0x080020fe   0x00000002   PAD
    0x08002100   0x0000009c   Code   RO         1872    i.I2C_MasterRequestWrite  stm32f1xx_hal_i2c.o
    0x0800219c   0x00000056   Code   RO         1883    i.I2C_WaitOnBTFFlagUntilTimeout  stm32f1xx_hal_i2c.o
    0x080021f2   0x00000002   PAD
    0x080021f4   0x00000090   Code   RO         1884    i.I2C_WaitOnFlagUntilTimeout  stm32f1xx_hal_i2c.o
    0x08002284   0x000000bc   Code   RO         1885    i.I2C_WaitOnMasterAddressFlagUntilTimeout  stm32f1xx_hal_i2c.o
    0x08002340   0x00000056   Code   RO         1887    i.I2C_WaitOnTXEFlagUntilTimeout  stm32f1xx_hal_i2c.o
    0x08002396   0x00000002   PAD
    0x08002398   0x000000a4   Code   RO          258    i.MX_ADC1_Init      main.o
    0x0800243c   0x000000f8   Code   RO          259    i.MX_GPIO_Init      main.o
    0x08002534   0x00000002   Code   RO          380    i.MemManage_Handler  stm32f1xx_it.o
    0x08002536   0x00000002   Code   RO          381    i.NMI_Handler       stm32f1xx_it.o
    0x08002538   0x00000002   Code   RO          382    i.PendSV_Handler    stm32f1xx_it.o
    0x0800253a   0x00000002   Code   RO          383    i.SVC_Handler       stm32f1xx_it.o
    0x0800253c   0x00000014   Code   RO          192    i.Set_Pin_Input     dht.o
    0x08002550   0x00000018   Code   RO          193    i.Set_Pin_Output    dht.o
    0x08002568   0x00000004   Code   RO          384    i.SysTick_Handler   stm32f1xx_it.o
    0x0800256c   0x00000078   Code   RO          260    i.SystemClock_Config  main.o
    0x080025e4   0x00000002   Code   RO         2651    i.SystemInit        system_stm32f1xx.o
    0x080025e6   0x00000010   Code   RO         2330    i.UART_DMAAbortOnError  stm32f1xx_hal_uart.o
    0x080025f6   0x0000004e   Code   RO         2340    i.UART_EndRxTransfer  stm32f1xx_hal_uart.o
    0x08002644   0x000000c2   Code   RO         2342    i.UART_Receive_IT   stm32f1xx_hal_uart.o
    0x08002706   0x00000002   PAD
    0x08002708   0x000000b8   Code   RO         2343    i.UART_SetConfig    stm32f1xx_hal_uart.o
    0x080027c0   0x00000078   Code   RO         2346    i.UART_WaitOnFlagUntilTimeout  stm32f1xx_hal_uart.o
    0x08002838   0x0000000c   Code   RO          385    i.USART1_IRQHandler  stm32f1xx_it.o
    0x08002844   0x00000002   Code   RO          386    i.UsageFault_Handler  stm32f1xx_it.o
    0x08002846   0x00000020   Code   RO         1327    i.__NVIC_SetPriority  stm32f1xx_hal_cortex.o
    0x08002866   0x00000002   PAD
    0x08002868   0x0000002c   Code   RO          261    i.changePage        main.o
    0x08002894   0x0000002c   Code   RO          194    i.delay             dht.o
    0x080028c0   0x00000024   Code   RO          262    i.door_down         main.o
    0x080028e4   0x00000028   Code   RO          263    i.door_stop         main.o
    0x0800290c   0x00000024   Code   RO          264    i.door_up           main.o
    0x08002930   0x000002ec   Code   RO          265    i.main              main.o
    0x08002c1c   0x00000350   Code   RO          266    i.page0             main.o
    0x08002f6c   0x000003d4   Code   RO          267    i.page1             main.o
    0x08003340   0x000002e4   Code   RO          268    i.page2             main.o
    0x08003624   0x00000068   Code   RO          269    i.read_dht11        main.o
    0x0800368c   0x000000b0   Code   RO          270    i.send_data         main.o
    0x0800373c   0x00000030   Code   RO          271    i.send_zigbee       main.o
    0x0800376c   0x00000062   Code   RO         2725    x$fpl$d2f           fz_ws.l(d2f.o)
    0x080037ce   0x00000002   PAD
    0x080037d0   0x00000150   Code   RO         2727    x$fpl$dadd          fz_ws.l(daddsub_clz.o)
    0x08003920   0x00000010   Code   RO         2781    x$fpl$dcheck1       fz_ws.l(dcheck1.o)
    0x08003930   0x000002b0   Code   RO         2734    x$fpl$ddiv          fz_ws.l(ddiv.o)
    0x08003be0   0x0000005a   Code   RO         2737    x$fpl$dfixu         fz_ws.l(dfixu.o)
    0x08003c3a   0x00000026   Code   RO         2741    x$fpl$dfltu         fz_ws.l(dflt_clz.o)
    0x08003c60   0x00000154   Code   RO         2747    x$fpl$dmul          fz_ws.l(dmul.o)
    0x08003db4   0x0000009c   Code   RO         2783    x$fpl$dnaninf       fz_ws.l(dnaninf.o)
    0x08003e50   0x0000000c   Code   RO         2785    x$fpl$dretinf       fz_ws.l(dretinf.o)
    0x08003e5c   0x00000016   Code   RO         2728    x$fpl$drsb          fz_ws.l(daddsub_clz.o)
    0x08003e72   0x00000002   PAD
    0x08003e74   0x000001d4   Code   RO         2729    x$fpl$dsub          fz_ws.l(daddsub_clz.o)
    0x08004048   0x00000056   Code   RO         2749    x$fpl$f2d           fz_ws.l(f2d.o)
    0x0800409e   0x00000002   PAD
    0x080040a0   0x000000c4   Code   RO         2751    x$fpl$fadd          fz_ws.l(faddsub_clz.o)
    0x08004164   0x0000000c   Code   RO         2787    x$fpl$fcheck1       fz_ws.l(fcheck1.o)
    0x08004170   0x0000003e   Code   RO         2757    x$fpl$ffixu         fz_ws.l(ffixu.o)
    0x080041ae   0x00000002   PAD
    0x080041b0   0x00000026   Code   RO         2761    x$fpl$ffltu         fz_ws.l(fflt_clz.o)
    0x080041d6   0x00000002   PAD
    0x080041d8   0x00000102   Code   RO         2767    x$fpl$fmul          fz_ws.l(fmul.o)
    0x080042da   0x0000008c   Code   RO         2789    x$fpl$fnaninf       fz_ws.l(fnaninf.o)
    0x08004366   0x0000000a   Code   RO         2791    x$fpl$fretinf       fz_ws.l(fretinf.o)
    0x08004370   0x000000ea   Code   RO         2753    x$fpl$fsub          fz_ws.l(faddsub_clz.o)
    0x0800445a   0x00000064   Code   RO         2811    x$fpl$retnan        fz_ws.l(retnan.o)
    0x080044be   0x0000005c   Code   RO         2769    x$fpl$scalbn        fz_ws.l(scalbn.o)
    0x0800451a   0x0000004c   Code   RO         2771    x$fpl$scalbnf       fz_ws.l(scalbnf.o)
    0x08004566   0x00000030   Code   RO         2823    x$fpl$trapveneer    fz_ws.l(trapv.o)
    0x08004596   0x00000000   Code   RO         2793    x$fpl$usenofp       fz_ws.l(usenofp.o)
    0x08004596   0x00000012   Data   RO         1025    .constdata          stm32f1xx_hal_rcc.o
    0x080045a8   0x00000010   Data   RO         2652    .constdata          system_stm32f1xx.o
    0x080045b8   0x00000008   Data   RO         2653    .constdata          system_stm32f1xx.o
    0x080045c0   0x00000020   Data   RO         2952    Region$$Table       anon$$obj.o


    Execution Region RW_IRAM1 (Base: 0x20000000, Size: 0x00000830, Max: 0x00005000, ABSOLUTE)

    Base Addr    Size         Type   Attr      Idx    E Section Name        Object

    0x20000000   0x00000008   Data   RW          195    .data               dht.o
    0x20000008   0x0000003c   Data   RW          274    .data               main.o
    0x20000044   0x0000000c   Data   RW          862    .data               stm32f1xx_hal.o
    0x20000050   0x00000004   Data   RW         2654    .data               system_stm32f1xx.o
    0x20000054   0x00000131   Zero   RW          272    .bss                main.o
    0x20000185   0x00000003   PAD
    0x20000188   0x00000044   Zero   RW          273    .bss                main.o
    0x200001cc   0x00000060   Zero   RW         2826    .bss                c_w.l(libspace.o)
    0x2000022c   0x00000004   PAD
    0x20000230   0x00000200   Zero   RW            2    HEAP                startup_stm32f103xb.o
    0x20000430   0x00000400   Zero   RW            1    STACK               startup_stm32f103xb.o


==============================================================================

Image component sizes


      Code (inc. data)   RO Data    RW Data    ZI Data      Debug   Object Name

       386          0          0          0          0     421530   clcd_i2c.o
       468         40          0          8          0       5187   dht.o
      4336        370          0         60        373      13737   main.o
        64         26        236          0       1536        796   startup_stm32f103xb.o
       164         28          0         12          0       5793   stm32f1xx_hal.o
      1134         56          0          0          0       8358   stm32f1xx_hal_adc.o
       198         14          0          0          0      28851   stm32f1xx_hal_cortex.o
       808         36          0          0          0       4890   stm32f1xx_hal_dma.o
       500         34          0          0          0       3455   stm32f1xx_hal_gpio.o
      1398         32          0          0          0       8981   stm32f1xx_hal_i2c.o
       424         54          0          0          0       2965   stm32f1xx_hal_msp.o
      1252         90         18          0          0       5468   stm32f1xx_hal_rcc.o
       236         12          0          0          0       1356   stm32f1xx_hal_rcc_ex.o
      1646         10          0          0          0      10919   stm32f1xx_hal_uart.o
        44         12          0          0          0       4601   stm32f1xx_it.o
         2          0         24          4          0       1071   system_stm32f1xx.o

    ----------------------------------------------------------------------
     13080        814        310         84       1912     527958   Object Totals
         0          0         32          0          0          0   (incl. Generated)
        20          0          0          0          3          0   (incl. Padding)

    ----------------------------------------------------------------------

      Code (inc. data)   RO Data    RW Data    ZI Data      Debug   Library Member Name

        44          6          0          0          0         84   __2sprintf.o
         8          0          0          0          0         68   __main.o
       104          0          0          0          0         84   __printf.o
         0          0          0          0          0          0   __rtentry.o
        12          0          0          0          0          0   __rtentry2.o
         6          0          0          0          0          0   __rtentry4.o
        52          8          0          0          0          0   __scatter.o
        26          0          0          0          0          0   __scatter_copy.o
        28          0          0          0          0          0   __scatter_zi.o
        48          6          0          0          0         96   _printf_char_common.o
         6          0          0          0          0          0   _printf_d.o
       120         16          0          0          0         92   _printf_dec.o
       178          0          0          0          0         88   _printf_intcommon.o
         0          0          0          0          0          0   _printf_percent.o
         4          0          0          0          0          0   _printf_percent_end.o
        10          0          0          0          0         68   _sputc.o
        18          0          0          0          0         80   exit.o
         6          0          0          0          0        152   heapauxi.o
         0          0          0          0          0          0   indicate_semi.o
         2          0          0          0          0          0   libinit.o
         2          0          0          0          0          0   libinit2.o
         2          0          0          0          0          0   libshutdown.o
         2          0          0          0          0          0   libshutdown2.o
         8          4          0          0         96         68   libspace.o
        78          0          0          0          0         80   rt_memclr_w.o
         2          0          0          0          0          0   rtexit.o
        10          0          0          0          0          0   rtexit2.o
        12          4          0          0          0         68   sys_exit.o
        74          0          0          0          0         80   sys_stackheap_outer.o
         2          0          0          0          0         68   use_no_semi.o
        98          4          0          0          0         92   d2f.o
       826         16          0          0          0        348   daddsub_clz.o
        16          4          0          0          0         68   dcheck1.o
       688        140          0          0          0        208   ddiv.o
        90          4          0          0          0         92   dfixu.o
        38          0          0          0          0         68   dflt_clz.o
       340         12          0          0          0        104   dmul.o
       156          4          0          0          0         92   dnaninf.o
        12          0          0          0          0         68   dretinf.o
        86          4          0          0          0         84   f2d.o
       430          8          0          0          0        168   faddsub_clz.o
        12          4          0          0          0         68   fcheck1.o
        62          4          0          0          0         84   ffixu.o
        38          0          0          0          0         68   fflt_clz.o
       258          4          0          0          0         84   fmul.o
       140          4          0          0          0         84   fnaninf.o
        10          0          0          0          0         68   fretinf.o
       100          0          0          0          0         68   retnan.o
        92          0          0          0          0         68   scalbn.o
        76          0          0          0          0         68   scalbnf.o
        48          0          0          0          0         68   trapv.o
         0          0          0          0          0          0   usenofp.o

    ----------------------------------------------------------------------
      4498        256          0          0        100       3296   Library Totals
        18          0          0          0          4          0   (incl. Padding)

    ----------------------------------------------------------------------

      Code (inc. data)   RO Data    RW Data    ZI Data      Debug   Library Name

       864         44          0          0         96       1176   c_w.l
      3616        212          0          0          0       2120   fz_ws.l

    ----------------------------------------------------------------------
      4498        256          0          0        100       3296   Library Totals

    ----------------------------------------------------------------------

==============================================================================


      Code (inc. data)   RO Data    RW Data    ZI Data      Debug   

     17578       1070        310         84       2012     524438   Grand Totals
     17578       1070        310         84       2012     524438   ELF Image Totals
     17578       1070        310         84          0          0   ROM Totals

==============================================================================

    Total RO  Size (Code + RO Data)                17888 (  17.47kB)
    Total RW  Size (RW Data + ZI Data)              2096 (   2.05kB)
    Total ROM Size (Code + RO Data + RW Data)      17972 (  17.55kB)

==============================================================================

